Component: ARM Compiler 5.06 update 1 (build 61) Tool: armlink [4d35a8]

==============================================================================

Section Cross References

    uart_cb.o(i.Init_UART) refers to uart_lpc17xx.o(.constdata) for Driver_USART1
    uart_cb.o(i.Init_UART) refers to uart_cb.o(i.event_UART) for event_UART
    uart_cb.o(i.Init_WiFi) refers to uart_cb.o(i.sendCommand) for sendCommand
    uart_cb.o(i.Thread_R) refers to rt_cmsis.o(i.osSignalWait) for osSignalWait
    uart_cb.o(i.Thread_R) refers to glcd_mcb1700.o(i.GLCD_DrawString) for GLCD_DrawString
    uart_cb.o(i.Thread_R) refers to glcd_mcb1700.o(i.GLCD_ClearScreen) for GLCD_ClearScreen
    uart_cb.o(i.Thread_R) refers to rt_cmsis.o(i.osDelay) for osDelay
    uart_cb.o(i.Thread_R) refers to uart_lpc17xx.o(.constdata) for Driver_USART1
    uart_cb.o(i.Thread_T) refers to uart_cb.o(i.Init_WiFi) for Init_WiFi
    uart_cb.o(i.envoi) refers to buttons_mcb1700.o(i.Buttons_GetState) for Buttons_GetState
    uart_cb.o(i.envoi) refers to uart_cb.o(i.send_udp_data_places_parking) for send_udp_data_places_parking
    uart_cb.o(i.envoi) refers to led_mcb1700.o(i.LED_On) for LED_On
    uart_cb.o(i.event_UART) refers to rt_cmsis.o(i.osSignalSet) for osSignalSet
    uart_cb.o(i.event_UART) refers to uart_cb.o(.data) for tid_Thread_R
    uart_cb.o(i.main) refers to rt_cmsis.o(i.osKernelInitialize) for osKernelInitialize
    uart_cb.o(i.main) refers to uart_cb.o(i.Init_UART) for Init_UART
    uart_cb.o(i.main) refers to glcd_mcb1700.o(i.GLCD_Initialize) for GLCD_Initialize
    uart_cb.o(i.main) refers to glcd_mcb1700.o(i.GLCD_ClearScreen) for GLCD_ClearScreen
    uart_cb.o(i.main) refers to glcd_mcb1700.o(i.GLCD_SetFont) for GLCD_SetFont
    uart_cb.o(i.main) refers to net_sys.o(i.netInitialize) for netInitialize
    uart_cb.o(i.main) refers to led_mcb1700.o(i.LED_Initialize) for LED_Initialize
    uart_cb.o(i.main) refers to adc_mcb1700.o(i.ADC_Initialize) for ADC_Initialize
    uart_cb.o(i.main) refers to rt_cmsis.o(i.osThreadCreate) for osThreadCreate
    uart_cb.o(i.main) refers to net_udp.o(i.netUDP_GetSocket) for netUDP_GetSocket
    uart_cb.o(i.main) refers to net_udp.o(i.netUDP_Open) for netUDP_Open
    uart_cb.o(i.main) refers to rt_cmsis.o(i.osKernelStart) for osKernelStart
    uart_cb.o(i.main) refers to rt_cmsis.o(i.osDelay) for osDelay
    uart_cb.o(i.main) refers to glcd_fonts.o(.constdata) for GLCD_Font_6x8
    uart_cb.o(i.main) refers to uart_cb.o(.constdata) for os_thread_def_Thread_T
    uart_cb.o(i.main) refers to uart_cb.o(.data) for tid_Thread_T
    uart_cb.o(i.main) refers to uart_cb.o(i.udp_cb_func) for udp_cb_func
    uart_cb.o(i.sendCommand) refers to strlen.o(.text) for strlen
    uart_cb.o(i.sendCommand) refers to rt_cmsis.o(i.osSignalWait) for osSignalWait
    uart_cb.o(i.sendCommand) refers to rt_cmsis.o(i.osDelay) for osDelay
    uart_cb.o(i.sendCommand) refers to uart_lpc17xx.o(.constdata) for Driver_USART1
    uart_cb.o(i.send_udp_data) refers to rt_memcpy_w.o(.text) for __aeabi_memcpy4
    uart_cb.o(i.send_udp_data) refers to uart_cb.o(.constdata) for .constdata
    uart_cb.o(i.send_udp_data_jul) refers to rt_memcpy_w.o(.text) for __aeabi_memcpy4
    uart_cb.o(i.send_udp_data_jul) refers to adc_mcb1700.o(i.ADC_StartConversion) for ADC_StartConversion
    uart_cb.o(i.send_udp_data_jul) refers to adc_mcb1700.o(i.ADC_GetValue) for ADC_GetValue
    uart_cb.o(i.send_udp_data_jul) refers to net_udp.o(i.netUDP_GetBuffer) for netUDP_GetBuffer
    uart_cb.o(i.send_udp_data_jul) refers to net_udp.o(i.netUDP_Send) for netUDP_Send
    uart_cb.o(i.send_udp_data_jul) refers to uart_cb.o(.data) for udp_sock
    uart_cb.o(i.send_udp_data_jul) refers to uart_cb.o(.constdata) for .constdata
    uart_cb.o(i.send_udp_data_places_parking) refers to rt_memcpy_w.o(.text) for __aeabi_memcpy4
    uart_cb.o(i.send_udp_data_places_parking) refers to net_udp.o(i.netUDP_GetBuffer) for netUDP_GetBuffer
    uart_cb.o(i.send_udp_data_places_parking) refers to net_udp.o(i.netUDP_Send) for netUDP_Send
    uart_cb.o(i.send_udp_data_places_parking) refers to uart_cb.o(.data) for udp_sock
    uart_cb.o(i.send_udp_data_places_parking) refers to uart_cb.o(.constdata) for .constdata
    uart_cb.o(i.udp_cb_func) refers to _printf_percent.o(.ARM.Collect$$_printf_percent$$00000000) for _printf_percent
    uart_cb.o(i.udp_cb_func) refers to _printf_d.o(.ARM.Collect$$_printf_percent$$00000009) for _printf_d
    uart_cb.o(i.udp_cb_func) refers to _printf_dec.o(.text) for _printf_int_dec
    uart_cb.o(i.udp_cb_func) refers to led_mcb1700.o(i.LED_On) for LED_On
    uart_cb.o(i.udp_cb_func) refers to uart_cb.o(i.send_udp_data_jul) for send_udp_data_jul
    uart_cb.o(i.udp_cb_func) refers to glcd_mcb1700.o(i.GLCD_DrawString) for GLCD_DrawString
    uart_cb.o(i.udp_cb_func) refers to __2sprintf.o(.text) for __2sprintf
    uart_cb.o(i.udp_cb_func) refers to uart_cb.o(i.sendCommand) for sendCommand
[...]
    netETH_Thread                            0x00006561   Thumb Code    56  net_eth.o(i.netETH_Thread)
    netInitialize                            0x0000659d   Thumb Code   114  net_sys.o(i.netInitialize)
    netMAC_aton                              0x00006625   Thumb Code   112  net_addr.o(i.netMAC_aton)
    netUDP_GetBuffer                         0x000066a1   Thumb Code     4  net_udp.o(i.netUDP_GetBuffer)
    netUDP_GetSocket                         0x000066a5   Thumb Code    24  net_udp.o(i.netUDP_GetSocket)
    netUDP_Open                              0x000066bd   Thumb Code    28  net_udp.o(i.netUDP_Open)
    netUDP_Send                              0x000066d9   Thumb Code    40  net_udp.o(i.netUDP_Send)
    net_addr4_aton                           0x00006701   Thumb Code    82  net_addr.o(i.net_addr4_aton)
    net_addr4_is_subnet                      0x00006769   Thumb Code    26  net_addr.o(i.net_addr4_is_subnet)
    net_addr6_aton                           0x00006785   Thumb Code   240  net_addr.o(i.net_addr6_aton)
    net_addr6_comp                           0x00006879   Thumb Code    40  net_addr.o(i.net_addr6_comp)
    net_addr6_copy                           0x000068a1   Thumb Code    18  net_addr.o(i.net_addr6_copy)
    net_addr6_create                         0x000068b5   Thumb Code    70  net_addr.o(i.net_addr6_create)
    net_addr6_get_solicited                  0x00006901   Thumb Code    34  net_addr.o(i.net_addr6_get_solicited)
    net_addr6_is_linklocal                   0x0000692d   Thumb Code    24  net_addr.o(i.net_addr6_is_linklocal)
    net_addr6_is_onlink                      0x00006945   Thumb Code   108  net_addr.o(i.net_addr6_is_onlink)
    net_addr6_is_solicited                   0x000069b1   Thumb Code    72  net_addr.o(i.net_addr6_is_solicited)
    net_addr6_is_unspec                      0x000069f9   Thumb Code    24  net_addr.o(i.net_addr6_is_unspec)
    net_addr_get_local                       0x00006a11   Thumb Code    14  net_addr.o(i.net_addr_get_local)
    net_addr_is_unspec                       0x00006a1f   Thumb Code    34  net_addr.o(i.net_addr_is_unspec)
    net_arp_cache_add                        0x00006a41   Thumb Code   168  net_arp.o(i.net_arp_cache_add)
    net_arp_cache_early                      0x00006af1   Thumb Code   140  net_arp.o(i.net_arp_cache_early)
    net_arp_cache_find                       0x00006b85   Thumb Code   164  net_arp.o(i.net_arp_cache_find)
    net_arp_init                             0x00006c35   Thumb Code    46  net_arp.o(i.net_arp_init)
    net_arp_notify                           0x00006c6d   Thumb Code    30  net_arp.o(i.net_arp_notify)
    net_arp_process                          0x00006c99   Thumb Code   314  net_arp.o(i.net_arp_process)
    net_arp_run                              0x00006de1   Thumb Code   232  net_arp.o(i.net_arp_run)
    net_eth_iface_init                       0x00006ed9   Thumb Code   510  net_eth.o(i.net_eth_iface_init)
    net_eth_iface_run                        0x000070f1   Thumb Code   356  net_eth.o(i.net_eth_iface_run)
    net_eth_is_my_addr                       0x00007265   Thumb Code    28  net_eth.o(i.net_eth_is_my_addr)
    net_eth_output                           0x00007285   Thumb Code    54  net_eth.o(i.net_eth_output)
    net_eth_send_frame                       0x000072c1   Thumb Code   204  net_eth.o(i.net_eth_send_frame)
    net_eth_update_filter                    0x0000739d   Thumb Code   246  net_eth.o(i.net_eth_update_filter)
    net_icmp6_process                        0x000074a5   Thumb Code   290  net_icmp6.o(i.net_icmp6_process)
    net_icmp6_send                           0x000075d5   Thumb Code    92  net_icmp6.o(i.net_icmp6_send)
    net_icmp6_send_echo                      0x00007631   Thumb Code    72  net_icmp6.o(i.net_icmp6_send_echo)
    net_icmp_process                         0x00007681   Thumb Code   210  net_icmp.o(i.net_icmp_process)
    net_icmp_send_echo                       0x00007761   Thumb Code   116  net_icmp.o(i.net_icmp_send_echo)
    net_igmp_collect_addr                    0x000077dd   Thumb Code     4  net_config.o(i.net_igmp_collect_addr)
    net_igmp_is_member                       0x000077e1   Thumb Code     4  net_config.o(i.net_igmp_is_member)
    net_igmp_process                         0x000077e5   Thumb Code     2  net_config.o(i.net_igmp_process)
    net_ip4_checksum                         0x000077e7   Thumb Code    76  net_ip4.o(i.net_ip4_checksum)
    net_ip4_chk_frame                        0x00007835   Thumb Code   192  net_ip4.o(i.net_ip4_chk_frame)
    net_ip4_chksum_buf                       0x00007901   Thumb Code    50  net_ip4.o(i.net_ip4_chksum_buf)
    net_ip4_get_local                        0x00007935   Thumb Code    52  net_ip4.o(i.net_ip4_get_local)
    net_ip4_init                             0x00007975   Thumb Code    12  net_ip4.o(i.net_ip4_init)
    net_ip4_is_subcast                       0x00007985   Thumb Code    38  net_ip4.o(i.net_ip4_is_subcast)
    net_ip4_send_frame                       0x000079b1   Thumb Code   266  net_ip4.o(i.net_ip4_send_frame)
    net_ip4_tx_offload                       0x00007ac5   Thumb Code    44  net_ip4.o(i.net_ip4_tx_offload)
    net_ip6_checksum                         0x00007af9   Thumb Code    82  net_ip6.o(i.net_ip6_checksum)
    net_ip6_chk_frame                        0x00007b4d   Thumb Code   150  net_ip6.o(i.net_ip6_chk_frame)
    net_ip6_get_local                        0x00007bf1   Thumb Code    78  net_ip6.o(i.net_ip6_get_local)
    net_ip6_init                             0x00007c4d   Thumb Code    10  net_ip6.o(i.net_ip6_init)
    net_ip6_send_frame                       0x00007c5d   Thumb Code   166  net_ip6.o(i.net_ip6_send_frame)
    net_ip6_tx_netif                         0x00007d11   Thumb Code     6  net_ip6.o(i.net_ip6_tx_netif)
    net_ip6_tx_offload                       0x00007d1d   Thumb Code    40  net_ip6.o(i.net_ip6_tx_offload)
    net_loop_iface_init                      0x00007d4d   Thumb Code    30  net_loop.o(i.net_loop_iface_init)
    net_loop_iface_run                       0x00007d75   Thumb Code   138  net_loop.o(i.net_loop_iface_run)
    net_loop_send_frame                      0x00007e09   Thumb Code    66  net_loop.o(i.net_loop_send_frame)
    net_mem_alloc                            0x00007e51   Thumb Code   130  net_mem.o(i.net_mem_alloc)
    net_mem_free                             0x00007edd   Thumb Code   100  net_mem.o(i.net_mem_free)
    net_mem_init                             0x00007f49   Thumb Code    88  net_mem.o(i.net_mem_init)
    net_memcrc                               0x00007fa9   Thumb Code    32  net_common.o(i.net_memcrc)
    net_ndp_cache_find                       0x00007fc9   Thumb Code   136  net_ndp.o(i.net_ndp_cache_find)
    net_ndp_cache_refresh                    0x0000805d   Thumb Code    78  net_ndp.o(i.net_ndp_cache_refresh)
    net_ndp_init                             0x000080b1   Thumb Code    68  net_ndp.o(i.net_ndp_init)
    net_ndp_process                          0x00008101   Thumb Code   540  net_ndp.o(i.net_ndp_process)
    net_ndp_run                              0x0000832d   Thumb Code   194  net_ndp.o(i.net_ndp_run)
    net_ping_client_init                     0x000083fd   Thumb Code    10  net_ping.o(i.net_ping_client_init)
    net_ping_client_run                      0x0000840d   Thumb Code    56  net_ping.o(i.net_ping_client_run)
    net_ppp_send_frame                       0x0000844d   Thumb Code     4  net_config.o(i.net_ppp_send_frame)
    net_rand32                               0x00008451   Thumb Code    18  net_sys.o(i.net_rand32)
    net_slip_send_frame                      0x0000846d   Thumb Code     4  net_config.o(i.net_slip_send_frame)
    net_strcpy                               0x00008471   Thumb Code    18  net_common.o(i.net_strcpy)
    net_sys_error                            0x00008483   Thumb Code     2  net_config.o(i.net_sys_error)
    net_sys_lock                             0x00008485   Thumb Code    12  net_sys.o(i.net_sys_lock)
    net_sys_unlock                           0x000084a9   Thumb Code     8  net_sys.o(i.net_sys_unlock)
    net_sys_wakeup                           0x000084b5   Thumb Code    24  net_sys.o(i.net_sys_wakeup)
    net_tcp_process                          0x000084d5   Thumb Code     2  net_config.o(i.net_tcp_process)
    net_udp_get_buf                          0x000084d7   Thumb Code    30  net_udp.o(i.net_udp_get_buf)
    net_udp_get_socket                       0x000084f5   Thumb Code    70  net_udp.o(i.net_udp_get_socket)
    net_udp_open                             0x00008541   Thumb Code    98  net_udp.o(i.net_udp_open)
    net_udp_process                          0x000085ad   Thumb Code   214  net_udp.o(i.net_udp_process)
    net_udp_send                             0x00008691   Thumb Code   368  net_udp.o(i.net_udp_send)
    net_udp_socket_init                      0x00008805   Thumb Code    16  net_udp.o(i.net_udp_socket_init)
    osDelay                                  0x00008819   Thumb Code    18  rt_cmsis.o(i.osDelay)
    osKernelInitialize                       0x00008831   Thumb Code    30  rt_cmsis.o(i.osKernelInitialize)
    osKernelStart                            0x00008855   Thumb Code    98  rt_cmsis.o(i.osKernelStart)
    osKernelSysTick                          0x000088c1   Thumb Code    18  rt_cmsis.o(i.osKernelSysTick)
    osMessageGet                             0x000088d9   Thumb Code    18  rt_cmsis.o(i.osMessageGet)
    osMutexCreate                            0x000088f1   Thumb Code    36  rt_cmsis.o(i.osMutexCreate)
    osMutexRelease                           0x0000891d   Thumb Code    18  rt_cmsis.o(i.osMutexRelease)
    osMutexWait                              0x00008935   Thumb Code    18  rt_cmsis.o(i.osMutexWait)
    osSemaphoreCreate                        0x0000894d   Thumb Code    36  rt_cmsis.o(i.osSemaphoreCreate)
    osSemaphoreRelease                       0x00008979   Thumb Code    18  rt_cmsis.o(i.osSemaphoreRelease)
    osSemaphoreWait                          0x00008991   Thumb Code    20  rt_cmsis.o(i.osSemaphoreWait)
    osSignalClear                            0x000089a9   Thumb Code    20  rt_cmsis.o(i.osSignalClear)
    osSignalSet                              0x000089c1   Thumb Code    18  rt_cmsis.o(i.osSignalSet)
    osSignalWait                             0x000089d9   Thumb Code    18  rt_cmsis.o(i.osSignalWait)
    osThreadCreate                           0x000089f1   Thumb Code    36  rt_cmsis.o(i.osThreadCreate)
    osThreadExit                             0x00008a1d   Thumb Code    14  rt_cmsis.o(i.osThreadExit)
    osThreadYield                            0x00008a35   Thumb Code    18  rt_cmsis.o(i.osThreadYield)
    osTimerCall                              0x00008a4d   Thumb Code     8  rt_cmsis.o(i.osTimerCall)
    osTimerCreate                            0x00008a59   Thumb Code    36  rt_cmsis.o(i.osTimerCreate)
    osTimerStart                             0x00008a85   Thumb Code    18  rt_cmsis.o(i.osTimerStart)
    osTimerThread                            0x00008a9d   Thumb Code    38  rt_cmsis.o(i.osTimerThread)
    os_error                                 0x00008ac9   Thumb Code    34  rtx_conf_cm.o(i.os_error)
    os_idle_demon                            0x00008aeb   Thumb Code     4  rtx_conf_cm.o(i.os_idle_demon)
    os_tick_init                             0x00008af1   Thumb Code    32  rt_system.o(i.os_tick_init)
    os_tick_irqack                           0x00008b19   Thumb Code     2  rt_system.o(i.os_tick_irqack)
    os_tick_ovf                              0x00008b1d   Thumb Code    10  rt_system.o(i.os_tick_ovf)
    os_tick_val                              0x00008b2d   Thumb Code    14  rt_system.o(i.os_tick_val)
    rt_alloc_box                             0x00008cb9   Thumb Code    26  rt_membox.o(i.rt_alloc_box)
    rt_alloc_mem                             0x00008cd3   Thumb Code    62  rt_memory.o(i.rt_alloc_mem)
    rt_block                                 0x00008d11   Thumb Code    48  rt_task.o(i.rt_block)
    rt_chk_robin                             0x00008d49   Thumb Code    60  rt_robin.o(i.rt_chk_robin)
    rt_dec_dly                               0x00008d91   Thumb Code   102  rt_list.o(i.rt_dec_dly)
    rt_dispatch                              0x00008e01   Thumb Code    60  rt_task.o(i.rt_dispatch)
    rt_dly_wait                              0x00008e45   Thumb Code     6  rt_time.o(i.rt_dly_wait)
    rt_evt_clr                               0x00008e4d   Thumb Code    22  rt_event.o(i.rt_evt_clr)
    rt_evt_psh                               0x00008e69   Thumb Code    76  rt_event.o(i.rt_evt_psh)
    rt_evt_set                               0x00008eb9   Thumb Code    88  rt_event.o(i.rt_evt_set)
    rt_evt_wait                              0x00008f15   Thumb Code    56  rt_event.o(i.rt_evt_wait)
    rt_free_box                              0x00008f51   Thumb Code    44  rt_membox.o(i.rt_free_box)
    rt_free_mem                              0x00008f7d   Thumb Code    40  rt_memory.o(i.rt_free_mem)
    rt_get_first                             0x00008fa5   Thumb Code    40  rt_list.o(i.rt_get_first)
    rt_get_same_rdy_prio                     0x00008fcd   Thumb Code    26  rt_list.o(i.rt_get_same_rdy_prio)
    rt_init_mem                              0x00009041   Thumb Code    26  rt_memory.o(i.rt_init_mem)
    rt_init_robin                            0x0000905d   Thumb Code    14  rt_robin.o(i.rt_init_robin)
    rt_init_stack                            0x00009075   Thumb Code   118  hal_cm.o(i.rt_init_stack)
    rt_mbx_check                             0x000090f5   Thumb Code     8  rt_mailbox.o(i.rt_mbx_check)
    rt_mbx_init                              0x000090fd   Thumb Code    26  rt_mailbox.o(i.rt_mbx_init)
    rt_mbx_psh                               0x00009119   Thumb Code   236  rt_mailbox.o(i.rt_mbx_psh)
    rt_mbx_wait                              0x00009209   Thumb Code   174  rt_mailbox.o(i.rt_mbx_wait)
    rt_mut_init                              0x00009301   Thumb Code    16  rt_mutex.o(i.rt_mut_init)
    rt_mut_release                           0x00009311   Thumb Code   208  rt_mutex.o(i.rt_mut_release)
    rt_mut_wait                              0x000093e9   Thumb Code   114  rt_mutex.o(i.rt_mut_wait)
    rt_pop_req                               0x00009461   Thumb Code   112  rt_system.o(i.rt_pop_req)
    rt_psh_req                               0x000094dd   Thumb Code    22  rt_system.o(i.rt_psh_req)
    rt_psq_enq                               0x000094fd   Thumb Code    88  rt_list.o(i.rt_psq_enq)
    rt_put_dly                               0x00009559   Thumb Code    68  rt_list.o(i.rt_put_dly)
    rt_put_prio                              0x000095a1   Thumb Code    54  rt_list.o(i.rt_put_prio)
    rt_put_rdy_first                         0x000095d9   Thumb Code    14  rt_list.o(i.rt_put_rdy_first)
    rt_resort_prio                           0x000095ed   Thumb Code    46  rt_list.o(i.rt_resort_prio)
    rt_ret_val                               0x00009621   Thumb Code     6  hal_cm.o(i.rt_ret_val)
    rt_ret_val2                              0x00009627   Thumb Code     8  hal_cm.o(i.rt_ret_val2)
    rt_rmv_dly                               0x0000962f   Thumb Code    40  rt_list.o(i.rt_rmv_dly)
    rt_rmv_list                              0x00009659   Thumb Code    44  rt_list.o(i.rt_rmv_list)
    rt_sem_init                              0x00009689   Thumb Code    12  rt_semaphore.o(i.rt_sem_init)
    rt_sem_psh                               0x00009695   Thumb Code    48  rt_semaphore.o(i.rt_sem_psh)
    rt_sem_send                              0x000096c9   Thumb Code    42  rt_semaphore.o(i.rt_sem_send)
    rt_sem_wait                              0x000096f5   Thumb Code    58  rt_semaphore.o(i.rt_sem_wait)
    rt_stk_check                             0x00009735   Thumb Code    28  rt_system.o(i.rt_stk_check)
    rt_switch_req                            0x00009759   Thumb Code    30  rt_task.o(i.rt_switch_req)
    rt_sys_init                              0x00009781   Thumb Code   138  rt_task.o(i.rt_sys_init)
    rt_sys_start                             0x0000984d   Thumb Code   110  rt_task.o(i.rt_sys_start)
    rt_systick                               0x000098c5   Thumb Code    50  rt_system.o(i.rt_systick)
    rt_tsk_create                            0x00009989   Thumb Code   118  rt_task.o(i.rt_tsk_create)
    rt_tsk_delete                            0x00009a11   Thumb Code   352  rt_task.o(i.rt_tsk_delete)
    rt_tsk_pass                              0x00009b8d   Thumb Code    38  rt_task.o(i.rt_tsk_pass)
    rt_tsk_prio                              0x00009bbd   Thumb Code   108  rt_task.o(i.rt_tsk_prio)
    rt_tsk_self                              0x00009c39   Thumb Code    12  rt_task.o(i.rt_tsk_self)
    sendCommand                              0x00009c49   Thumb Code    46  uart_cb.o(i.sendCommand)
    send_udp_data_jul                        0x00009c7d   Thumb Code    94  uart_cb.o(i.send_udp_data_jul)
    send_udp_data_places_parking             0x00009ced   Thumb Code    54  uart_cb.o(i.send_udp_data_places_parking)
    svcDelay                                 0x00009de1   Thumb Code    18  rt_cmsis.o(i.svcDelay)
    svcKernelInitialize                      0x00009df5   Thumb Code    80  rt_cmsis.o(i.svcKernelInitialize)
    svcKernelStart                           0x00009e65   Thumb Code    62  rt_cmsis.o(i.svcKernelStart)
    svcKernelSysTick                         0x00009ead   Thumb Code    46  rt_cmsis.o(i.svcKernelSysTick)
    svcMessageCreate                         0x00009ee5   Thumb Code    36  rt_cmsis.o(i.svcMessageCreate)
    svcMessageGet                            0x00009f09   Thumb Code    58  rt_cmsis.o(i.svcMessageGet)
    svcMutexCreate                           0x00009f43   Thumb Code    28  rt_cmsis.o(i.svcMutexCreate)
    svcMutexRelease                          0x00009f5f   Thumb Code    34  rt_cmsis.o(i.svcMutexRelease)
    svcMutexWait                             0x00009f81   Thumb Code    58  rt_cmsis.o(i.svcMutexWait)
    svcSemaphoreCreate                       0x00009fbb   Thumb Code    36  rt_cmsis.o(i.svcSemaphoreCreate)
    svcSemaphoreRelease                      0x00009fdf   Thumb Code    40  rt_cmsis.o(i.svcSemaphoreRelease)
    svcSemaphoreWait                         0x0000a007   Thumb Code    50  rt_cmsis.o(i.svcSemaphoreWait)
    svcSignalClear                           0x0000a039   Thumb Code    36  rt_cmsis.o(i.svcSignalClear)
    svcSignalSet                             0x0000a05d   Thumb Code    36  rt_cmsis.o(i.svcSignalSet)
    svcSignalWait                            0x0000a081   Thumb Code    80  rt_cmsis.o(i.svcSignalWait)
    svcThreadCreate                          0x0000a0d5   Thumb Code    96  rt_cmsis.o(i.svcThreadCreate)
    svcThreadGetId                           0x0000a141   Thumb Code    22  rt_cmsis.o(i.svcThreadGetId)
    svcThreadTerminate                       0x0000a15d   Thumb Code    50  rt_cmsis.o(i.svcThreadTerminate)
    svcThreadYield                           0x0000a195   Thumb Code    10  rt_cmsis.o(i.svcThreadYield)
    svcTimerCall                             0x0000a19f   Thumb Code    24  rt_cmsis.o(i.svcTimerCall)
    svcTimerCreate                           0x0000a1b9   Thumb Code    52  rt_cmsis.o(i.svcTimerCreate)
    svcTimerStart                            0x0000a1f1   Thumb Code    96  rt_cmsis.o(i.svcTimerStart)
    sysTimerTick                             0x0000a255   Thumb Code    84  rt_cmsis.o(i.sysTimerTick)
    udp_cb_func                              0x0000a329   Thumb Code   152  uart_cb.o(i.udp_cb_func)
    _get_lc_ctype                            0x0000a545   Thumb Code    44  lc_ctype_c.o(locale$$code)
    os_thread_def_Thread_T                   0x0000a570   Data          16  uart_cb.o(.constdata)
    os_thread_def_envoi                      0x0000a580   Data          16  uart_cb.o(.constdata)
    os_thread_def_Thread_R                   0x0000a590   Data          16  uart_cb.o(.constdata)
    GLCD_Font_6x8                            0x0000be5c   Data          16  glcd_fonts.o(.constdata)
    GLCD_Font_16x24                          0x0000be6c   Data          16  glcd_fonts.o(.constdata)
    ADC_PIN                                  0x0000be7c   Data           2  adc_mcb1700.o(.constdata)
    LED_PIN                                  0x0000be7e   Data          16  led_mcb1700.o(.constdata)
    BUTTON_PIN                               0x0000be8e   Data           2  buttons_mcb1700.o(.constdata)
    os_maxtaskrun                            0x0000be90   Data           2  rtx_conf_cm.o(.constdata)
    os_stackinfo                             0x0000be94   Data           4  rtx_conf_cm.o(.constdata)
    os_rrobin                                0x0000be98   Data           4  rtx_conf_cm.o(.constdata)
    os_tickfreq                              0x0000be9c   Data           4  rtx_conf_cm.o(.constdata)
    os_tickus_i                              0x0000bea0   Data           2  rtx_conf_cm.o(.constdata)
    os_tickus_f                              0x0000bea2   Data           2  rtx_conf_cm.o(.constdata)
    os_trv                                   0x0000bea4   Data           4  rtx_conf_cm.o(.constdata)
    os_flags                                 0x0000bea8   Data           1  rtx_conf_cm.o(.constdata)
    CMSIS_RTOS_API_Version                   0x0000beac   Data           4  rtx_conf_cm.o(.constdata)
    CMSIS_RTOS_RTX_Version                   0x0000beb0   Data           4  rtx_conf_cm.o(.constdata)
    os_clockrate                             0x0000beb4   Data           4  rtx_conf_cm.o(.constdata)
    os_timernum                              0x0000beb8   Data           4  rtx_conf_cm.o(.constdata)
    mp_tcb_size                              0x0000bebc   Data           2  rtx_conf_cm.o(.constdata)
    mp_stk_size                              0x0000bec0   Data           4  rtx_conf_cm.o(.constdata)
    os_stack_sz                              0x0000bec4   Data           4  rtx_conf_cm.o(.constdata)
    os_fifo_size                             0x0000bec8   Data           1  rtx_conf_cm.o(.constdata)
    os_thread_def_osTimerThread              0x0000becc   Data          16  rtx_conf_cm.o(.constdata)
    os_messageQ_def_osTimerMessageQ          0x0000bedc   Data           8  rtx_conf_cm.o(.constdata)
    mp_tmr_size                              0x0000bee4   Data           2  rtx_conf_cm.o(.constdata)
    os_thread_def_main                       0x0000bee8   Data          16  rtx_conf_cm.o(.constdata)
    Driver_ETH_MAC0                          0x0000bf00   Data          68  emac_lpc17xx.o(.constdata)
    Driver_SPI1                              0x0000bf94   Data          44  ssp_lpc17xx.o(.constdata)
    Driver_USART1                            0x0000c158   Data          56  uart_lpc17xx.o(.constdata)
    Driver_ETH_PHY0                          0x0000c194   Data          32  phy_dp83848c.o(.constdata)
    os_mutex_def_net_lock                    0x0000c1b4   Data           4  net_config.o(.constdata)
    os_mutex_def_mem_lock                    0x0000c1b8   Data           4  net_config.o(.constdata)
    os_thread_def_netCore_Thread             0x0000c1bc   Data          16  net_config.o(.constdata)
    net_sys_config                           0x0000c1cc   Data          32  net_config.o(.constdata)
    os_semaphore_def_eth0_lock               0x0000c1ec   Data           4  net_config.o(.constdata)
    os_thread_def_netETH_Thread              0x0000c1f0   Data          16  net_config.o(.constdata)
    net_eth0_config                          0x0000c230   Data          32  net_config.o(.constdata)
    net_localm                               0x0000c250   Data          12  net_config.o(.constdata)
    net_localm6                              0x0000c25c   Data          12  net_config.o(.constdata)
    net_udp_config                           0x0000c268   Data           8  net_config.o(.constdata)
    net_sys_func                             0x0000c270   Data          48  net_config.o(.constdata)
    net_mac_bcast                            0x0000c2a0   Data           6  net_eth.o(.constdata)
    net_ping_payload                         0x0000c2a6   Data          18  net_ping.o(.constdata)
    os_timer_def_net_tick                    0x0000c2b8   Data           8  net_sys.o(.constdata)
    net_addr4_bcast                          0x0000c2c0   Data           4  net_ip4.o(.constdata)
    net_addr4_loopback                       0x0000c2c4   Data           4  net_ip4.o(.constdata)
    net_addr6_all_nodes                      0x0000c2c8   Data          16  net_ip6.o(.constdata)
    net_addr6_loopback                       0x0000c2d8   Data          16  net_ip6.o(.constdata)
    net_addr6_all_routers                    0x0000c2e8   Data          16  net_ip6.o(.constdata)
    net_addr_null                            0x0000c2f8   Data          16  net_addr.o(.constdata)
    Region$$Table$$Base                      0x0000c378   Number         0  anon$$obj.o(Region$$Table)
    Region$$Table$$Limit                     0x0000c398   Number         0  anon$$obj.o(Region$$Table)
    __ctype                                  0x0000c3a5   Data           0  lc_ctype_c.o(locale$$data)
    __MW_NET_VER                             0x07030000   Number         0  net_version.o ABSOLUTE
    udp_sock                                 0x10000000   Data           4  uart_cb.o(.data)
    Cconversion                              0x10000004   Data           1  uart_cb.o(.data)
    i                                        0x10000008   Data           4  uart_cb.o(.data)
    conversion                               0x1000000c   Data           4  uart_cb.o(.data)
    pot                                      0x10000010   Data           2  uart_cb.o(.data)
    etat_batterie                            0x10000012   Data           4  uart_cb.o(.data)
    tid_Thread_T                             0x10000018   Data           4  uart_cb.o(.data)
    tid_envoi                                0x1000001c   Data           4  uart_cb.o(.data)
    tid_Thread_R                             0x10000020   Data           4  uart_cb.o(.data)
    osThreadId_osTimerThread                 0x1000003c   Data           4  rtx_conf_cm.o(.data)
    osMessageQId_osTimerMessageQ             0x10000040   Data           4  rtx_conf_cm.o(.data)
    os_tmr                                   0x10000044   Data           4  rtx_conf_cm.o(.data)
    m_tmr                                    0x10000048   Data           4  rtx_conf_cm.o(.data)
    iap_entry                                0x10000064   Data           4  emac_lpc17xx.o(.data)
    SystemCoreClock                          0x10000084   Data           4  system_lpc17xx.o(.data)
    os_semaphore_cb_eth0_lock                0x10000088   Data           8  net_config.o(.data)
    os_initialized                           0x10000098   Data           1  rt_cmsis.o(.data)
    os_running                               0x10000099   Data           1  rt_cmsis.o(.data)
    os_timer_head                            0x1000009c   Data           4  rt_cmsis.o(.data)
    os_tsk                                   0x100000a0   Data           8  rt_task.o(.data)
    os_tick_irqn                             0x100000c4   Data           4  rt_system.o(.data)
    os_time                                  0x100000c8   Data           4  rt_time.o(.data)
    os_robin                                 0x100000cc   Data           8  rt_robin.o(.data)
    dbg_msg                                  0x100000d4   Data           1  hal_cm.o(.data)
    mp_tcb                                   0x100000e8   Data         376  rtx_conf_cm.o(.bss)
    mp_stk                                   0x10000260   Data        3216  rtx_conf_cm.o(.bss)
    os_stack_mem                             0x10000ef0   Data        2584  rtx_conf_cm.o(.bss)
    os_fifo                                  0x10001908   Data         132  rtx_conf_cm.o(.bss)
    os_active_TCB                            0x1000198c   Data          28  rtx_conf_cm.o(.bss)
    os_messageQ_q_osTimerMessageQ            0x100019a8   Data          32  rtx_conf_cm.o(.bss)
    os_mutex_cb_net_lock                     0x10007744   Data          16  net_config.o(.bss)
    os_mutex_cb_mem_lock                     0x10007754   Data          16  net_config.o(.bss)
    os_idle_TCB                              0x10007840   Data          52  rt_task.o(.bss)
    net_eth_control                          0x10007874   Data         148  net_eth.o(.bss)
    net_ping_control                         0x1000792c   Data          32  net_ping.o(.bss)
    net_sys_control                          0x1000794c   Data          48  net_sys.o(.bss)
    os_timer_cb_net_tick                     0x1000797c   Data          24  net_sys.o(.bss)
    os_rdy                                   0x10007994   Data          24  rt_list.o(.bss)
    os_dly                                   0x100079ac   Data          24  rt_list.o(.bss)
    __libspace_start                         0x10007a70   Data          96  libspace.o(.bss)
    __temporary_stack_top$libspace           0x10007ad0   Data           0  libspace.o(.bss)



==============================================================================

Memory Map of the image

  Image Entry point : 0x000000cd

  Load Region LR_IROM1 (Base: 0x00000000, Size: 0x0000c590, Max: 0x00080000, ABSOLUTE)

    Execution Region ER_IROM1 (Base: 0x00000000, Size: 0x0000c4a8, Max: 0x00080000, ABSOLUTE)

    Base Addr    Size         Type   Attr      Idx    E Section Name        Object

    0x00000000   0x000000cc   Data   RO         1458    RESET               startup_lpc17xx.o
    0x000000cc   0x00000008   Code   RO         3364  * !!!main             c_w.l(__main.o)
    0x000000d4   0x00000034   Code   RO         3557    !!!scatter          c_w.l(__scatter.o)
    0x00000108   0x0000001a   Code   RO         3559    !!handler_copy      c_w.l(__scatter_copy.o)
    0x00000122   0x00000002   PAD
    0x00000124   0x0000001c   Code   RO         3561    !!handler_zi        c_w.l(__scatter_zi.o)
    0x00000140   0x00000000   Code   RO         3343    .ARM.Collect$$_printf_percent$$00000000  c_w.l(_printf_percent.o)
    0x00000140   0x00000006   Code   RO         3342    .ARM.Collect$$_printf_percent$$00000009  c_w.l(_printf_d.o)
    0x00000146   0x00000004   Code   RO         3379    .ARM.Collect$$_printf_percent$$00000017  c_w.l(_printf_percent_end.o)
    0x0000014a   0x00000002   Code   RO         3432    .ARM.Collect$$libinit$$00000000  c_w.l(libinit.o)
    0x0000014c   0x00000000   Code   RO         3454    .ARM.Collect$$libinit$$00000002  c_w.l(libinit2.o)
    0x0000014c   0x00000000   Code   RO         3456    .ARM.Collect$$libinit$$00000004  c_w.l(libinit2.o)
    0x0000014c   0x00000000   Code   RO         3459    .ARM.Collect$$libinit$$0000000A  c_w.l(libinit2.o)
    0x0000014c   0x00000000   Code   RO         3461    .ARM.Collect$$libinit$$0000000C  c_w.l(libinit2.o)
    0x0000014c   0x00000000   Code   RO         3463    .ARM.Collect$$libinit$$0000000E  c_w.l(libinit2.o)
    0x0000014c   0x00000006   Code   RO         3464    .ARM.Collect$$libinit$$0000000F  c_w.l(libinit2.o)
    0x00000152   0x00000000   Code   RO         3466    .ARM.Collect$$libinit$$00000011  c_w.l(libinit2.o)
    0x00000152   0x0000000c   Code   RO         3467    .ARM.Collect$$libinit$$00000012  c_w.l(libinit2.o)
    0x0000015e   0x00000000   Code   RO         3468    .ARM.Collect$$libinit$$00000013  c_w.l(libinit2.o)
    0x0000015e   0x00000000   Code   RO         3470    .ARM.Collect$$libinit$$00000015  c_w.l(libinit2.o)
    0x0000015e   0x00000000   Code   RO         3472    .ARM.Collect$$libinit$$00000017  c_w.l(libinit2.o)
    0x0000015e   0x00000000   Code   RO         3474    .ARM.Collect$$libinit$$00000019  c_w.l(libinit2.o)
    0x0000015e   0x00000000   Code   RO         3476    .ARM.Collect$$libinit$$0000001B  c_w.l(libinit2.o)
    0x0000015e   0x00000000   Code   RO         3478    .ARM.Collect$$libinit$$0000001D  c_w.l(libinit2.o)
    0x0000015e   0x00000000   Code   RO         3480    .ARM.Collect$$libinit$$0000001F  c_w.l(libinit2.o)
    0x0000015e   0x00000000   Code   RO         3482    .ARM.Collect$$libinit$$00000021  c_w.l(libinit2.o)
    0x0000015e   0x00000000   Code   RO         3484    .ARM.Collect$$libinit$$00000023  c_w.l(libinit2.o)
    0x0000015e   0x00000000   Code   RO         3486    .ARM.Collect$$libinit$$00000025  c_w.l(libinit2.o)
    0x0000015e   0x00000000   Code   RO         3490    .ARM.Collect$$libinit$$0000002C  c_w.l(libinit2.o)
    0x0000015e   0x00000000   Code   RO         3492    .ARM.Collect$$libinit$$0000002E  c_w.l(libinit2.o)
    0x0000015e   0x00000000   Code   RO         3494    .ARM.Collect$$libinit$$00000030  c_w.l(libinit2.o)
    0x0000015e   0x00000000   Code   RO         3496    .ARM.Collect$$libinit$$00000032  c_w.l(libinit2.o)
    0x0000015e   0x00000002   Code   RO         3497    .ARM.Collect$$libinit$$00000033  c_w.l(libinit2.o)
    0x00000160   0x00000002   Code   RO         3433    .ARM.Collect$$libshutdown$$00000000  c_w.l(libshutdown.o)
    0x00000162   0x00000000   Code   RO         3499    .ARM.Collect$$libshutdown$$00000002  c_w.l(libshutdown2.o)
    0x00000162   0x00000000   Code   RO         3501    .ARM.Collect$$libshutdown$$00000004  c_w.l(libshutdown2.o)
    0x00000162   0x00000000   Code   RO         3504    .ARM.Collect$$libshutdown$$00000007  c_w.l(libshutdown2.o)
    0x00000162   0x00000000   Code   RO         3507    .ARM.Collect$$libshutdown$$0000000A  c_w.l(libshutdown2.o)
    0x00000162   0x00000000   Code   RO         3509    .ARM.Collect$$libshutdown$$0000000C  c_w.l(libshutdown2.o)
    0x00000162   0x00000000   Code   RO         3512    .ARM.Collect$$libshutdown$$0000000F  c_w.l(libshutdown2.o)
    0x00000162   0x00000002   Code   RO         3513    .ARM.Collect$$libshutdown$$00000010  c_w.l(libshutdown2.o)
    0x00000164   0x00000000   Code   RO         3366    .ARM.Collect$$rtentry$$00000000  c_w.l(__rtentry.o)
    0x00000164   0x00000000   Code   RO         3387    .ARM.Collect$$rtentry$$00000002  c_w.l(__rtentry2.o)
    0x00000164   0x00000006   Code   RO         3399    .ARM.Collect$$rtentry$$00000004  c_w.l(__rtentry4.o)
    0x0000016a   0x00000000   Code   RO         3389    .ARM.Collect$$rtentry$$00000009  c_w.l(__rtentry2.o)
    0x0000016a   0x00000004   Code   RO         3390    .ARM.Collect$$rtentry$$0000000A  c_w.l(__rtentry2.o)
    0x0000016e   0x00000008   Code   RO         3391    .ARM.Collect$$rtentry$$0000000B  c_w.l(__rtentry2.o)
    0x00000176   0x00000008   Code   RO         3393    .ARM.Collect$$rtentry$$0000000D  c_w.l(__rtentry2.o)
    0x0000017e   0x00000002   Code   RO         3367    .ARM.Collect$$rtexit$$00000000  c_w.l(rtexit.o)
    0x00000180   0x00000000   Code   RO         3402    .ARM.Collect$$rtexit$$00000002  c_w.l(rtexit2.o)
    0x00000180   0x00000004   Code   RO         3403    .ARM.Collect$$rtexit$$00000003  c_w.l(rtexit2.o)
    0x00000184   0x00000006   Code   RO         3404    .ARM.Collect$$rtexit$$00000004  c_w.l(rtexit2.o)
    0x0000018a   0x00000002   PAD
    0x0000018c   0x0000001c   Code   RO          602    .emb_text           rtx_conf_cm.o
    0x000001a8   0x00000130   Code   RO         3021    .emb_text           RTX_CM3.lib(hal_cm3.o)
    0x000002d8   0x00000008   Code   RO         3285    .text               c_w.l(libspace.o)
    0x000002e0   0x00000012   Code   RO         3348    .text               c_w.l(exit.o)
    0x000002f2   0x00000006   Code   RO         3362    .text               c_w.l(heapauxi.o)
    0x000002f8   0x00000002   Code   RO         3434    .text               c_w.l(use_no_semi.o)
    0x000002fa   0x00000000   Code   RO         3436    .text               c_w.l(indicate_semi.o)
    0x000002fa   0x00000002   Code   RO         2363    i.netETH_Notify     Net_CM3_L.lib(net_eth.o)
    0x000002fc   0x00000004   Code   RO         1459    .ARM.__at_0x02FC    startup_lpc17xx.o
    0x00000300   0x0000003c   Code   RO         1460    .text               startup_lpc17xx.o
    0x0000033c   0x000000ee   Code   RO         3288    .text               c_w.l(lludivv7m.o)
    0x0000042a   0x00000002   PAD
    0x0000042c   0x0000002c   Code   RO         3290    .text               c_w.l(__2sprintf.o)
    0x00000458   0x00000078   Code   RO         3298    .text               c_w.l(_printf_dec.o)
    0x000004d0   0x00000138   Code   RO         3333    .text               c_w.l(__printf_flags_wp.o)
    0x00000608   0x0000003c   Code   RO         3344    .text               c_w.l(__0sscanf.o)
    0x00000644   0x0000014c   Code   RO         3346    .text               c_w.l(_scanf_int.o)
    0x00000790   0x00000058   Code   RO         3350    .text               c_w.l(memcmp.o)
    0x000007e8   0x0000003e   Code   RO         3352    .text               c_w.l(strlen.o)
    0x00000826   0x0000008a   Code   RO         3354    .text               c_w.l(rt_memcpy_v6.o)
    0x000008b0   0x00000064   Code   RO         3356    .text               c_w.l(rt_memcpy_w.o)
    0x00000914   0x00000044   Code   RO         3358    .text               c_w.l(rt_memclr.o)
    0x00000958   0x0000004e   Code   RO         3360    .text               c_w.l(rt_memclr_w.o)
    0x000009a6   0x000000b2   Code   RO         3373    .text               c_w.l(_printf_intcommon.o)
    0x00000a58   0x00000030   Code   RO         3375    .text               c_w.l(_printf_char_common.o)
    0x00000a88   0x0000000a   Code   RO         3377    .text               c_w.l(_sputc.o)
    0x00000a92   0x0000001c   Code   RO         3380    .text               c_w.l(_chval.o)
    0x00000aae   0x00000002   PAD
    0x00000ab0   0x0000002c   Code   RO         3382    .text               c_w.l(scanf_char.o)
    0x00000adc   0x00000040   Code   RO         3384    .text               c_w.l(_sgetc.o)
    0x00000b1c   0x00000012   Code   RO         3410    .text               c_w.l(isspace.o)
    0x00000b2e   0x00000002   PAD
    0x00000b30   0x00000374   Code   RO         3414    .text               c_w.l(_scanf.o)
    0x00000ea4   0x0000000c   Code   RO         3416    .text               c_w.l(sys_exit.o)
    0x00000eb0   0x0000004a   Code   RO         3418    .text               c_w.l(sys_stackheap_outer.o)
    0x00000efa   0x00000002   PAD
    0x00000efc   0x00000010   Code   RO         3420    .text               c_w.l(rt_ctype_table.o)
    0x00000f0c   0x0000000a   Code   RO         3444    .text               c_w.l(rt_locale_twolibspace.o)
    0x00000f16   0x00000002   PAD
    0x00000f18   0x00000080   Code   RO         3518    .text               c_w.l(strcmpv7m.o)
    0x00000f98   0x00000004   Code   RO         3280    SVC_TABLE           RTX_CM3.lib(svc_table.o)
    0x00000f9c   0x00000020   Code   RO          404    i.ADC_GetValue      adc_mcb1700.o
    0x00000fbc   0x00000028   Code   RO          405    i.ADC_IRQHandler    adc_mcb1700.o
    0x00000fe4   0x00000060   Code   RO          406    i.ADC_Initialize    adc_mcb1700.o
    0x00001044   0x00000020   Code   RO          407    i.ADC_StartConversion  adc_mcb1700.o
    0x00001064   0x0000001c   Code   RO          561    i.Buttons_GetState  buttons_mcb1700.o
    0x00001080   0x00000020   Code   RO         1279    i.Clear_Channel_active_flag  gpdma_lpc17xx.o
    0x000010a0   0x00000198   Code   RO          663    i.Control           emac_lpc17xx.o
    0x00001238   0x00000008   Code   RO          664    i.ControlTimer      emac_lpc17xx.o
    0x00001240   0x00000180   Code   RO         1280    i.DMA_IRQHandler    gpdma_lpc17xx.o
    0x000013c0   0x00000048   Code   RO          665    i.ENET_IRQHandler   emac_lpc17xx.o
    0x00001408   0x00000030   Code   RO          191    i.GLCD_ClearScreen  glcd_mcb1700.o
    0x00001438   0x000000d0   Code   RO          194    i.GLCD_DrawChar     glcd_mcb1700.o
    0x00001508   0x0000002c   Code   RO          198    i.GLCD_DrawString   glcd_mcb1700.o
    0x00001534   0x000005b6   Code   RO          202    i.GLCD_Initialize   glcd_mcb1700.o
    0x00001aea   0x00000002   PAD
    0x00001aec   0x00000010   Code   RO          204    i.GLCD_SetFont      glcd_mcb1700.o
    0x00001afc   0x000000ac   Code   RO          206    i.GLCD_SetWindow    glcd_mcb1700.o
    0x00001ba8   0x00000012   Code   RO          209    i.GLCD_WindowMax    glcd_mcb1700.o
    0x00001bba   0x00000002   PAD
    0x00001bbc   0x000000f4   Code   RO         1281    i.GPDMA_ChannelConfigure  gpdma_lpc17xx.o
    0x00001cb0   0x00000030   Code   RO         1282    i.GPDMA_ChannelDisable  gpdma_lpc17xx.o
    0x00001ce0   0x00000030   Code   RO         1284    i.GPDMA_ChannelGetCount  gpdma_lpc17xx.o
    0x00001d10   0x000000a8   Code   RO         1286    i.GPDMA_Initialize  gpdma_lpc17xx.o
    0x00001db8   0x00000044   Code   RO         1287    i.GPDMA_PeripheralSelect  gpdma_lpc17xx.o
    0x00001dfc   0x00000080   Code   RO         1288    i.GPDMA_Uninitialize  gpdma_lpc17xx.o
    0x00001e7c   0x00000020   Code   RO         1369    i.GPIO_PinRead      gpio_lpc17xx.o
    0x00001e9c   0x00000028   Code   RO         1370    i.GPIO_PinWrite     gpio_lpc17xx.o
    0x00001ec4   0x0000002c   Code   RO         1371    i.GPIO_PortClock    gpio_lpc17xx.o
    0x00001ef0   0x00000014   Code   RO         1372    i.GPIO_PortRead     gpio_lpc17xx.o
    0x00001f04   0x00000038   Code   RO         1374    i.GPIO_SetDir       gpio_lpc17xx.o
    0x00001f3c   0x0000000c   Code   RO          666    i.GetCapabilities   emac_lpc17xx.o
    0x00001f48   0x00000068   Code   RO         1220    i.GetLinkInfo       phy_dp83848c.o
    0x00001fb0   0x0000002c   Code   RO         1221    i.GetLinkState      phy_dp83848c.o
    0x00001fdc   0x00000048   Code   RO          667    i.GetMacAddress     emac_lpc17xx.o
    0x00002024   0x00000054   Code   RO          668    i.GetRxFrameSize    emac_lpc17xx.o
    0x00002078   0x00000008   Code   RO          669    i.GetRxFrameTime    emac_lpc17xx.o
    0x00002080   0x00000044   Code   RO          834    i.GetSSPClockFreq   ssp_lpc17xx.o
    0x000020c4   0x00000008   Code   RO          670    i.GetTxFrameTime    emac_lpc17xx.o
    0x000020cc   0x00000044   Code   RO         1008    i.GetUsartClockFreq  uart_lpc17xx.o
    0x00002110   0x00000010   Code   RO          671    i.GetVersion        emac_lpc17xx.o
    0x00002120   0x00000010   Code   RO         1222    i.GetVersion        phy_dp83848c.o
    0x00002130   0x0000003c   Code   RO            4    i.Init_UART         uart_cb.o
    0x0000216c   0x000000bc   Code   RO            5    i.Init_WiFi         uart_cb.o
    0x00002228   0x00000170   Code   RO          672    i.Initialize        emac_lpc17xx.o
    0x00002398   0x00000030   Code   RO         1223    i.Initialize        phy_dp83848c.o
    0x000023c8   0x0000005c   Code   RO          513    i.LED_Initialize    led_mcb1700.o
    0x00002424   0x0000002c   Code   RO          515    i.LED_On            led_mcb1700.o
    0x00002450   0x000000e8   Code   RO          673    i.PHY_Read          emac_lpc17xx.o
    0x00002538   0x000000d8   Code   RO          674    i.PHY_Write         emac_lpc17xx.o
    0x00002610   0x000000fc   Code   RO         1423    i.PIN_Configure     pin_lpc17xx.o
    0x0000270c   0x00000224   Code   RO          675    i.PowerControl      emac_lpc17xx.o
    0x00002930   0x000000d4   Code   RO         1224    i.PowerControl      phy_dp83848c.o
    0x00002a04   0x00000074   Code   RO          676    i.ReadFrame         emac_lpc17xx.o
    0x00002a78   0x00000018   Code   RO          835    i.SSP1_Control      ssp_lpc17xx.o
    0x00002a90   0x00000014   Code   RO          836    i.SSP1_GPDMA_Rx_SignalEvent  ssp_lpc17xx.o
    0x00002aa4   0x00000014   Code   RO          837    i.SSP1_GPDMA_Tx_SignalEvent  ssp_lpc17xx.o
    0x00002ab8   0x00000010   Code   RO          838    i.SSP1_GetDataCount  ssp_lpc17xx.o
    0x00002ac8   0x00000010   Code   RO          839    i.SSP1_GetStatus    ssp_lpc17xx.o
    0x00002ad8   0x00000010   Code   RO          840    i.SSP1_IRQHandler   ssp_lpc17xx.o
    0x00002ae8   0x00000014   Code   RO          841    i.SSP1_Initialize   ssp_lpc17xx.o
    0x00002afc   0x00000014   Code   RO          842    i.SSP1_PowerControl  ssp_lpc17xx.o
    0x00002b10   0x00000018   Code   RO          843    i.SSP1_Receive      ssp_lpc17xx.o
    0x00002b28   0x00000018   Code   RO          844    i.SSP1_Send         ssp_lpc17xx.o
    0x00002b40   0x0000001c   Code   RO          845    i.SSP1_Transfer     ssp_lpc17xx.o
    0x00002b5c   0x00000010   Code   RO          846    i.SSP1_Uninitialize  ssp_lpc17xx.o
    0x00002b6c   0x0000000c   Code   RO          847    i.SSP_GetCapabilities  ssp_lpc17xx.o
    0x00002b78   0x00000010   Code   RO          848    i.SSP_GetVersion    ssp_lpc17xx.o
    0x00002b88   0x0000051e   Code   RO          849    i.SSPx_Control      ssp_lpc17xx.o
    0x000030a6   0x00000036   Code   RO          850    i.SSPx_GPDMA_Rx_SignalEvent  ssp_lpc17xx.o
    0x000030dc   0x0000001c   Code   RO          851    i.SSPx_GPDMA_Tx_SignalEvent  ssp_lpc17xx.o
    0x000030f8   0x0000002c   Code   RO          852    i.SSPx_GetDataCount  ssp_lpc17xx.o
    0x00003124   0x0000005a   Code   RO          853    i.SSPx_GetStatus    ssp_lpc17xx.o
    0x0000317e   0x00000104   Code   RO          854    i.SSPx_IRQHandler   ssp_lpc17xx.o
    0x00003282   0x000000a8   Code   RO          855    i.SSPx_Initialize   ssp_lpc17xx.o
    0x0000332a   0x00000002   PAD
    0x0000332c   0x000001b4   Code   RO          856    i.SSPx_PowerControl  ssp_lpc17xx.o
    0x000034e0   0x0000015c   Code   RO          857    i.SSPx_Receive      ssp_lpc17xx.o
    0x0000363c   0x00000154   Code   RO          858    i.SSPx_Send         ssp_lpc17xx.o
    0x00003790   0x00000152   Code   RO          859    i.SSPx_Transfer     ssp_lpc17xx.o
    0x000038e2   0x00000070   Code   RO          860    i.SSPx_Uninitialize  ssp_lpc17xx.o
    0x00003952   0x00000002   PAD
    0x00003954   0x000000b8   Code   RO          677    i.SendFrame         emac_lpc17xx.o
    0x00003a0c   0x000000ac   Code   RO          678    i.SetAddressFilter  emac_lpc17xx.o
    0x00003ab8   0x00000040   Code   RO         1225    i.SetInterface      phy_dp83848c.o
    0x00003af8   0x0000004c   Code   RO          679    i.SetMacAddress     emac_lpc17xx.o
    0x00003b44   0x00000088   Code   RO         1226    i.SetMode           phy_dp83848c.o
    0x00003bcc   0x00000038   Code   RO         1289    i.Set_Channel_active_flag  gpdma_lpc17xx.o
    0x00003c04   0x00000140   Code   RO         1470    i.SystemInit        system_lpc17xx.o
    0x00003d44   0x00000068   Code   RO            6    i.Thread_R          uart_cb.o
    0x00003dac   0x00000008   Code   RO            7    i.Thread_T          uart_cb.o
    0x00003db4   0x00000010   Code   RO         1009    i.UART1_IRQHandler  uart_lpc17xx.o
    0x00003dc4   0x00000018   Code   RO         1010    i.USART1_Control    uart_lpc17xx.o
    0x00003ddc   0x00000014   Code   RO         1011    i.USART1_GPDMA_Rx_Event  uart_lpc17xx.o
    0x00003df0   0x00000014   Code   RO         1012    i.USART1_GPDMA_Tx_Event  uart_lpc17xx.o
    0x00003e04   0x00000010   Code   RO         1013    i.USART1_GetCapabilities  uart_lpc17xx.o
    0x00003e14   0x00000010   Code   RO         1014    i.USART1_GetModemStatus  uart_lpc17xx.o
    0x00003e24   0x00000010   Code   RO         1015    i.USART1_GetRxCount  uart_lpc17xx.o
    0x00003e34   0x00000010   Code   RO         1016    i.USART1_GetStatus  uart_lpc17xx.o
    0x00003e44   0x00000010   Code   RO         1017    i.USART1_GetTxCount  uart_lpc17xx.o
    0x00003e54   0x00000014   Code   RO         1018    i.USART1_Initialize  uart_lpc17xx.o
    0x00003e68   0x00000014   Code   RO         1019    i.USART1_PowerControl  uart_lpc17xx.o
    0x00003e7c   0x00000018   Code   RO         1020    i.USART1_Receive    uart_lpc17xx.o
    0x00003e94   0x00000018   Code   RO         1021    i.USART1_Send       uart_lpc17xx.o
    0x00003eac   0x00000014   Code   RO         1022    i.USART1_SetModemControl  uart_lpc17xx.o
    0x00003ec0   0x0000001c   Code   RO         1023    i.USART1_Transfer   uart_lpc17xx.o
    0x00003edc   0x00000010   Code   RO         1024    i.USART1_Uninitialize  uart_lpc17xx.o
    0x00003eec   0x00000670   Code   RO         1025    i.USART_Control     uart_lpc17xx.o
    0x0000455c   0x00000086   Code   RO         1026    i.USART_GPDMA_Rx_Event  uart_lpc17xx.o
    0x000045e2   0x0000004a   Code   RO         1027    i.USART_GPDMA_Tx_Event  uart_lpc17xx.o
    0x0000462c   0x00000006   Code   RO         1028    i.USART_GetCapabilities  uart_lpc17xx.o
    0x00004632   0x000000ec   Code   RO         1029    i.USART_GetModemStatus  uart_lpc17xx.o
    0x0000471e   0x0000001c   Code   RO         1030    i.USART_GetRxCount  uart_lpc17xx.o
    0x0000473a   0x000000bc   Code   RO         1031    i.USART_GetStatus   uart_lpc17xx.o
    0x000047f6   0x0000001c   Code   RO         1032    i.USART_GetTxCount  uart_lpc17xx.o
    0x00004812   0x0000026c   Code   RO         1033    i.USART_IRQHandler  uart_lpc17xx.o
    0x00004a7e   0x000000fe   Code   RO         1034    i.USART_Initialize  uart_lpc17xx.o
    0x00004b7c   0x0000024c   Code   RO         1035    i.USART_PowerControl  uart_lpc17xx.o
    0x00004dc8   0x00000110   Code   RO         1036    i.USART_Receive     uart_lpc17xx.o
    0x00004ed8   0x00000068   Code   RO         1037    i.USART_RxLineIntHandler  uart_lpc17xx.o
    0x00004f40   0x0000019c   Code   RO         1038    i.USART_Send        uart_lpc17xx.o
    0x000050dc   0x00000134   Code   RO         1039    i.USART_SetBaudrate  uart_lpc17xx.o
    0x00005210   0x000000a0   Code   RO         1040    i.USART_SetModemControl  uart_lpc17xx.o
    0x000052b0   0x0000007a   Code   RO         1041    i.USART_Transfer    uart_lpc17xx.o
    0x0000532a   0x000000e2   Code   RO         1042    i.USART_Uninitialize  uart_lpc17xx.o
    0x0000540c   0x00000010   Code   RO         1043    i.USARTx_GetVersion  uart_lpc17xx.o
    0x0000541c   0x00000100   Code   RO          680    i.Uninitialize      emac_lpc17xx.o
    0x0000551c   0x00000014   Code   RO         1227    i.Uninitialize      phy_dp83848c.o
    0x00005530   0x0000001c   Code   RO          861    i.__NVIC_ClearPendingIRQ  ssp_lpc17xx.o
    0x0000554c   0x0000001c   Code   RO         1044    i.__NVIC_ClearPendingIRQ  uart_lpc17xx.o
    0x00005568   0x0000001c   Code   RO         1290    i.__NVIC_ClearPendingIRQ  gpdma_lpc17xx.o
    0x00005584   0x00000046   Code   RO         2920    i._init_box         RTX_CM3.lib(rt_membox.o)
    0x000055ca   0x0000000e   Code   RO         3331    i._is_digit         c_w.l(__printf_wp.o)
    0x000055d8   0x00000020   Code   RO          604    i._mutex_acquire    rtx_conf_cm.o
    0x000055f8   0x0000001c   Code   RO          606    i._mutex_release    rtx_conf_cm.o
    0x00005614   0x00000098   Code   RO         2401    i.arp_cache_alloc   Net_CM3_L.lib(net_arp.o)
    0x000056ac   0x00000040   Code   RO         2402    i.arp_is_cacheable  Net_CM3_L.lib(net_arp.o)
    0x000056ec   0x00000040   Code   RO         2403    i.arp_probe_run     Net_CM3_L.lib(net_arp.o)
    0x0000572c   0x00000080   Code   RO         2404    i.arp_proc_response  Net_CM3_L.lib(net_arp.o)
    0x000057ac   0x0000008c   Code   RO         2405    i.arp_send_reply    Net_CM3_L.lib(net_arp.o)
    0x00005838   0x000000b8   Code   RO         2406    i.arp_send_request  Net_CM3_L.lib(net_arp.o)
    0x000058f0   0x00000028   Code   RO          681    i.crc32_8bit_rev    emac_lpc17xx.o
    0x00005918   0x00000022   Code   RO          682    i.crc32_data        emac_lpc17xx.o
    0x0000593a   0x00000002   PAD
    0x0000593c   0x00000030   Code   RO         2973    i.dbg_init          RTX_CM3.lib(hal_cm.o)
    0x0000596c   0x00000020   Code   RO         2974    i.dbg_task_notify   RTX_CM3.lib(hal_cm.o)
    0x0000598c   0x00000010   Code   RO         2975    i.dbg_task_switch   RTX_CM3.lib(hal_cm.o)
    0x0000599c   0x0000002c   Code   RO          210    i.delay_ms          glcd_mcb1700.o
    0x000059c8   0x00000018   Code   RO            8    i.envoi             uart_cb.o
    0x000059e0   0x000000a0   Code   RO         2355    i.eth_check_link    Net_CM3_L.lib(net_eth.o)
    0x00005a80   0x00000010   Code   RO         2356    i.eth_lock          Net_CM3_L.lib(net_eth.o)
    0x00005a90   0x0000001e   Code   RO         2357    i.eth_make_mcast4   Net_CM3_L.lib(net_eth.o)
    0x00005aae   0x0000001a   Code   RO         2358    i.eth_make_mcast6   Net_CM3_L.lib(net_eth.o)
    0x00005ac8   0x00000014   Code   RO         2359    i.eth_notify        Net_CM3_L.lib(net_eth.o)
    0x00005adc   0x00000088   Code   RO         2361    i.eth_receive       Net_CM3_L.lib(net_eth.o)
    0x00005b64   0x0000000c   Code   RO         2362    i.eth_unlock        Net_CM3_L.lib(net_eth.o)
    0x00005b70   0x00000034   Code   RO            9    i.event_UART        uart_cb.o
    0x00005ba4   0x0000001c   Code   RO         3182    i.get_crc32         Net_CM3_L.lib(net_common.o)
    0x00005bc0   0x00000068   Code   RO          683    i.init_rx_desc      emac_lpc17xx.o
    0x00005c28   0x0000005c   Code   RO          684    i.init_tx_desc      emac_lpc17xx.o
    0x00005c84   0x00000044   Code   RO          685    i.input_MDIO        emac_lpc17xx.o
    0x00005cc8   0x0000000a   Code   RO         3085    i.ip4_get_chksum    Net_CM3_L.lib(net_ip4.o)
    0x00005cd2   0x00000002   PAD
    0x00005cd4   0x00000090   Code   RO         3086    i.ip4_get_route     Net_CM3_L.lib(net_ip4.o)
    0x00005d64   0x0000002c   Code   RO         3113    i.ip6_get_route     Net_CM3_L.lib(net_ip6.o)
    0x00005d90   0x0000002a   Code   RO         1618    i.isrMessageGet     RTX_CM3.lib(rt_cmsis.o)
    0x00005dba   0x0000002c   Code   RO         1619    i.isrMessagePut     RTX_CM3.lib(rt_cmsis.o)
    0x00005de6   0x00000028   Code   RO         1620    i.isrSemaphoreRelease  RTX_CM3.lib(rt_cmsis.o)
    0x00005e0e   0x00000024   Code   RO         1621    i.isrSignalSet      RTX_CM3.lib(rt_cmsis.o)
    0x00005e32   0x00000002   PAD
    0x00005e34   0x00000028   Code   RO         2657    i.isr_evt_set       RTX_CM3.lib(rt_event.o)
    0x00005e5c   0x00000056   Code   RO         2775    i.isr_mbx_receive   RTX_CM3.lib(rt_mailbox.o)
    0x00005eb2   0x0000000e   Code   RO         2776    i.isr_mbx_send      RTX_CM3.lib(rt_mailbox.o)
    0x00005ec0   0x00000010   Code   RO         2823    i.isr_sem_send      RTX_CM3.lib(rt_semaphore.o)
    0x00005ed0   0x000000c4   Code   RO           10    i.main              uart_cb.o
    0x00005f94   0x00000010   Code   RO         3160    i.mem_lock          Net_CM3_L.lib(net_mem.o)
    0x00005fa4   0x0000000c   Code   RO         3161    i.mem_unlock        Net_CM3_L.lib(net_mem.o)
    0x00005fb0   0x0000009c   Code   RO         3031    i.ndp_cache_add     Net_CM3_L.lib(net_ndp.o)
    0x0000604c   0x00000084   Code   RO         3032    i.ndp_cache_alloc   Net_CM3_L.lib(net_ndp.o)
    0x000060d0   0x0000002c   Code   RO         3033    i.ndp_check_frame   Net_CM3_L.lib(net_ndp.o)
    0x000060fc   0x0000005c   Code   RO         3034    i.ndp_is_onlink     Net_CM3_L.lib(net_ndp.o)
    0x00006158   0x00000012   Code   RO         3035    i.ndp_next_opt      Net_CM3_L.lib(net_ndp.o)
    0x0000616a   0x00000002   PAD
    0x0000616c   0x000000b8   Code   RO         3036    i.ndp_prefix_add    Net_CM3_L.lib(net_ndp.o)
    0x00006224   0x00000040   Code   RO         3037    i.ndp_probe_run     Net_CM3_L.lib(net_ndp.o)
    0x00006264   0x0000007c   Code   RO         3038    i.ndp_proc_response  Net_CM3_L.lib(net_ndp.o)
    0x000062e0   0x0000003c   Code   RO         3039    i.ndp_router_remove  Net_CM3_L.lib(net_ndp.o)
    0x0000631c   0x0000006c   Code   RO         3040    i.ndp_send_reply    Net_CM3_L.lib(net_ndp.o)
    0x00006388   0x00000084   Code   RO         3041    i.ndp_send_request  Net_CM3_L.lib(net_ndp.o)
    0x0000640c   0x000000fc   Code   RO         3042    i.ndp_slaac_run     Net_CM3_L.lib(net_ndp.o)
    0x00006508   0x00000058   Code   RO         2530    i.netCore_Thread    Net_CM3_L.lib(net_sys.o)
    0x00006560   0x0000003c   Code   RO         2364    i.netETH_Thread     Net_CM3_L.lib(net_eth.o)
    0x0000659c   0x00000088   Code   RO         2533    i.netInitialize     Net_CM3_L.lib(net_sys.o)
    0x00006624   0x0000007c   Code   RO         3216    i.netMAC_aton       Net_CM3_L.lib(net_addr.o)
    0x000066a0   0x00000004   Code   RO         2464    i.netUDP_GetBuffer  Net_CM3_L.lib(net_udp.o)
    0x000066a4   0x00000018   Code   RO         2466    i.netUDP_GetSocket  Net_CM3_L.lib(net_udp.o)
    0x000066bc   0x0000001c   Code   RO         2467    i.netUDP_Open       Net_CM3_L.lib(net_udp.o)
    0x000066d8   0x00000028   Code   RO         2469    i.netUDP_Send       Net_CM3_L.lib(net_udp.o)
    0x00006700   0x00000068   Code   RO         3218    i.net_addr4_aton    Net_CM3_L.lib(net_addr.o)
    0x00006768   0x0000001a   Code   RO         3219    i.net_addr4_is_subnet  Net_CM3_L.lib(net_addr.o)
    0x00006782   0x00000002   PAD
    0x00006784   0x000000f4   Code   RO         3221    i.net_addr6_aton    Net_CM3_L.lib(net_addr.o)
    0x00006878   0x00000028   Code   RO         3222    i.net_addr6_comp    Net_CM3_L.lib(net_addr.o)
    0x000068a0   0x00000012   Code   RO         3223    i.net_addr6_copy    Net_CM3_L.lib(net_addr.o)
    0x000068b2   0x00000002   PAD
    0x000068b4   0x0000004c   Code   RO         3224    i.net_addr6_create  Net_CM3_L.lib(net_addr.o)
    0x00006900   0x0000002c   Code   RO         3225    i.net_addr6_get_solicited  Net_CM3_L.lib(net_addr.o)
    0x0000692c   0x00000018   Code   RO         3226    i.net_addr6_is_linklocal  Net_CM3_L.lib(net_addr.o)
    0x00006944   0x0000006c   Code   RO         3227    i.net_addr6_is_onlink  Net_CM3_L.lib(net_addr.o)
    0x000069b0   0x00000048   Code   RO         3228    i.net_addr6_is_solicited  Net_CM3_L.lib(net_addr.o)
    0x000069f8   0x00000018   Code   RO         3229    i.net_addr6_is_unspec  Net_CM3_L.lib(net_addr.o)
    0x00006a10   0x0000000e   Code   RO         3234    i.net_addr_get_local  Net_CM3_L.lib(net_addr.o)
    0x00006a1e   0x00000022   Code   RO         3235    i.net_addr_is_unspec  Net_CM3_L.lib(net_addr.o)
    0x00006a40   0x000000b0   Code   RO         2412    i.net_arp_cache_add  Net_CM3_L.lib(net_arp.o)
    0x00006af0   0x00000094   Code   RO         2413    i.net_arp_cache_early  Net_CM3_L.lib(net_arp.o)
    0x00006b84   0x000000b0   Code   RO         2414    i.net_arp_cache_find  Net_CM3_L.lib(net_arp.o)
    0x00006c34   0x00000038   Code   RO         2416    i.net_arp_init      Net_CM3_L.lib(net_arp.o)
    0x00006c6c   0x0000002c   Code   RO         2417    i.net_arp_notify    Net_CM3_L.lib(net_arp.o)
    0x00006c98   0x00000148   Code   RO         2419    i.net_arp_process   Net_CM3_L.lib(net_arp.o)
    0x00006de0   0x000000f8   Code   RO         2420    i.net_arp_run       Net_CM3_L.lib(net_arp.o)
    0x00006ed8   0x00000218   Code   RO         2367    i.net_eth_iface_init  Net_CM3_L.lib(net_eth.o)
    0x000070f0   0x00000174   Code   RO         2368    i.net_eth_iface_run  Net_CM3_L.lib(net_eth.o)
    0x00007264   0x00000020   Code   RO         2369    i.net_eth_is_my_addr  Net_CM3_L.lib(net_eth.o)
    0x00007284   0x0000003c   Code   RO         2370    i.net_eth_output    Net_CM3_L.lib(net_eth.o)
    0x000072c0   0x000000dc   Code   RO         2371    i.net_eth_send_frame  Net_CM3_L.lib(net_eth.o)
    0x0000739c   0x00000108   Code   RO         2373    i.net_eth_update_filter  Net_CM3_L.lib(net_eth.o)
    0x000074a4   0x00000130   Code   RO         3148    i.net_icmp6_process  Net_CM3_L.lib(net_icmp6.o)
    0x000075d4   0x0000005c   Code   RO         3149    i.net_icmp6_send    Net_CM3_L.lib(net_icmp6.o)
    0x00007630   0x00000050   Code   RO         3150    i.net_icmp6_send_echo  Net_CM3_L.lib(net_icmp6.o)
    0x00007680   0x000000e0   Code   RO         3138    i.net_icmp_process  Net_CM3_L.lib(net_icmp.o)
    0x00007760   0x0000007c   Code   RO         3139    i.net_icmp_send_echo  Net_CM3_L.lib(net_icmp.o)
    0x000077dc   0x00000004   Code   RO         1505    i.net_igmp_collect_addr  net_config.o
    0x000077e0   0x00000004   Code   RO         1506    i.net_igmp_is_member  net_config.o
    0x000077e4   0x00000002   Code   RO         1507    i.net_igmp_process  net_config.o
    0x000077e6   0x0000004c   Code   RO         3087    i.net_ip4_checksum  Net_CM3_L.lib(net_ip4.o)
    0x00007832   0x00000002   PAD
    0x00007834   0x000000cc   Code   RO         3088    i.net_ip4_chk_frame  Net_CM3_L.lib(net_ip4.o)
    0x00007900   0x00000032   Code   RO         3089    i.net_ip4_chksum_buf  Net_CM3_L.lib(net_ip4.o)
    0x00007932   0x00000002   PAD
    0x00007934   0x00000040   Code   RO         3090    i.net_ip4_get_local  Net_CM3_L.lib(net_ip4.o)
    0x00007974   0x00000010   Code   RO         3091    i.net_ip4_init      Net_CM3_L.lib(net_ip4.o)
    0x00007984   0x0000002c   Code   RO         3092    i.net_ip4_is_subcast  Net_CM3_L.lib(net_ip4.o)
    0x000079b0   0x00000114   Code   RO         3093    i.net_ip4_send_frame  Net_CM3_L.lib(net_ip4.o)
    0x00007ac4   0x00000034   Code   RO         3094    i.net_ip4_tx_offload  Net_CM3_L.lib(net_ip4.o)
    0x00007af8   0x00000052   Code   RO         3114    i.net_ip6_checksum  Net_CM3_L.lib(net_ip6.o)
    0x00007b4a   0x00000002   PAD
    0x00007b4c   0x000000a4   Code   RO         3115    i.net_ip6_chk_frame  Net_CM3_L.lib(net_ip6.o)
    0x00007bf0   0x0000005c   Code   RO         3116    i.net_ip6_get_local  Net_CM3_L.lib(net_ip6.o)
    0x00007c4c   0x00000010   Code   RO         3117    i.net_ip6_init      Net_CM3_L.lib(net_ip6.o)
    0x00007c5c   0x000000b4   Code   RO         3118    i.net_ip6_send_frame  Net_CM3_L.lib(net_ip6.o)
    0x00007d10   0x0000000c   Code   RO         3119    i.net_ip6_tx_netif  Net_CM3_L.lib(net_ip6.o)
    0x00007d1c   0x00000030   Code   RO         3120    i.net_ip6_tx_offload  Net_CM3_L.lib(net_ip6.o)
    0x00007d4c   0x00000028   Code   RO         2450    i.net_loop_iface_init  Net_CM3_L.lib(net_loop.o)
    0x00007d74   0x00000094   Code   RO         2451    i.net_loop_iface_run  Net_CM3_L.lib(net_loop.o)
    0x00007e08   0x00000048   Code   RO         2452    i.net_loop_send_frame  Net_CM3_L.lib(net_loop.o)
    0x00007e50   0x0000008c   Code   RO         3162    i.net_mem_alloc     Net_CM3_L.lib(net_mem.o)
    0x00007edc   0x0000006c   Code   RO         3164    i.net_mem_free      Net_CM3_L.lib(net_mem.o)
    0x00007f48   0x00000060   Code   RO         3165    i.net_mem_init      Net_CM3_L.lib(net_mem.o)
    0x00007fa8   0x00000020   Code   RO         3186    i.net_memcrc        Net_CM3_L.lib(net_common.o)
    0x00007fc8   0x00000094   Code   RO         3047    i.net_ndp_cache_find  Net_CM3_L.lib(net_ndp.o)
    0x0000805c   0x00000054   Code   RO         3049    i.net_ndp_cache_refresh  Net_CM3_L.lib(net_ndp.o)
    0x000080b0   0x00000050   Code   RO         3051    i.net_ndp_init      Net_CM3_L.lib(net_ndp.o)
    0x00008100   0x0000022c   Code   RO         3052    i.net_ndp_process   Net_CM3_L.lib(net_ndp.o)
    0x0000832c   0x000000d0   Code   RO         3053    i.net_ndp_run       Net_CM3_L.lib(net_ndp.o)
    0x000083fc   0x00000010   Code   RO         2514    i.net_ping_client_init  Net_CM3_L.lib(net_ping.o)
    0x0000840c   0x00000040   Code   RO         2515    i.net_ping_client_run  Net_CM3_L.lib(net_ping.o)
    0x0000844c   0x00000004   Code   RO         1509    i.net_ppp_send_frame  net_config.o
    0x00008450   0x0000001c   Code   RO         2537    i.net_rand32        Net_CM3_L.lib(net_sys.o)
    0x0000846c   0x00000004   Code   RO         1512    i.net_slip_send_frame  net_config.o
    0x00008470   0x00000012   Code   RO         3190    i.net_strcpy        Net_CM3_L.lib(net_common.o)
    0x00008482   0x00000002   Code   RO         1514    i.net_sys_error     net_config.o
    0x00008484   0x00000010   Code   RO         2538    i.net_sys_lock      Net_CM3_L.lib(net_sys.o)
    0x00008494   0x00000014   Code   RO         2539    i.net_sys_tick      Net_CM3_L.lib(net_sys.o)
    0x000084a8   0x0000000c   Code   RO         2540    i.net_sys_unlock    Net_CM3_L.lib(net_sys.o)
    0x000084b4   0x00000020   Code   RO         2541    i.net_sys_wakeup    Net_CM3_L.lib(net_sys.o)
    0x000084d4   0x00000002   Code   RO         1515    i.net_tcp_process   net_config.o
    0x000084d6   0x0000001e   Code   RO         2473    i.net_udp_get_buf   Net_CM3_L.lib(net_udp.o)
    0x000084f4   0x0000004c   Code   RO         2475    i.net_udp_get_socket  Net_CM3_L.lib(net_udp.o)
    0x00008540   0x0000006c   Code   RO         2477    i.net_udp_open      Net_CM3_L.lib(net_udp.o)
    0x000085ac   0x000000e4   Code   RO         2478    i.net_udp_process   Net_CM3_L.lib(net_udp.o)
    0x00008690   0x00000174   Code   RO         2480    i.net_udp_send      Net_CM3_L.lib(net_udp.o)
    0x00008804   0x00000014   Code   RO         2482    i.net_udp_socket_init  Net_CM3_L.lib(net_udp.o)
    0x00008818   0x00000018   Code   RO         1622    i.osDelay           RTX_CM3.lib(rt_cmsis.o)
    0x00008830   0x00000024   Code   RO         1623    i.osKernelInitialize  RTX_CM3.lib(rt_cmsis.o)
    0x00008854   0x0000006c   Code   RO         1625    i.osKernelStart     RTX_CM3.lib(rt_cmsis.o)
    0x000088c0   0x00000018   Code   RO         1626    i.osKernelSysTick   RTX_CM3.lib(rt_cmsis.o)
    0x000088d8   0x00000018   Code   RO         1634    i.osMessageGet      RTX_CM3.lib(rt_cmsis.o)
    0x000088f0   0x0000002c   Code   RO         1636    i.osMutexCreate     RTX_CM3.lib(rt_cmsis.o)
    0x0000891c   0x00000018   Code   RO         1638    i.osMutexRelease    RTX_CM3.lib(rt_cmsis.o)
    0x00008934   0x00000018   Code   RO         1639    i.osMutexWait       RTX_CM3.lib(rt_cmsis.o)
    0x0000894c   0x0000002c   Code   RO         1644    i.osSemaphoreCreate  RTX_CM3.lib(rt_cmsis.o)
    0x00008978   0x00000018   Code   RO         1646    i.osSemaphoreRelease  RTX_CM3.lib(rt_cmsis.o)
    0x00008990   0x00000018   Code   RO         1647    i.osSemaphoreWait   RTX_CM3.lib(rt_cmsis.o)
    0x000089a8   0x00000018   Code   RO         1648    i.osSignalClear     RTX_CM3.lib(rt_cmsis.o)
    0x000089c0   0x00000018   Code   RO         1649    i.osSignalSet       RTX_CM3.lib(rt_cmsis.o)
    0x000089d8   0x00000018   Code   RO         1650    i.osSignalWait      RTX_CM3.lib(rt_cmsis.o)
    0x000089f0   0x0000002c   Code   RO         1651    i.osThreadCreate    RTX_CM3.lib(rt_cmsis.o)
    0x00008a1c   0x00000018   Code   RO         1652    i.osThreadExit      RTX_CM3.lib(rt_cmsis.o)
    0x00008a34   0x00000018   Code   RO         1657    i.osThreadYield     RTX_CM3.lib(rt_cmsis.o)
    0x00008a4c   0x0000000c   Code   RO         1658    i.osTimerCall       RTX_CM3.lib(rt_cmsis.o)
    0x00008a58   0x0000002c   Code   RO         1659    i.osTimerCreate     RTX_CM3.lib(rt_cmsis.o)
    0x00008a84   0x00000018   Code   RO         1661    i.osTimerStart      RTX_CM3.lib(rt_cmsis.o)
    0x00008a9c   0x0000002c   Code   RO         1663    i.osTimerThread     RTX_CM3.lib(rt_cmsis.o)
    0x00008ac8   0x00000022   Code   RO          607    i.os_error          rtx_conf_cm.o
    0x00008aea   0x00000004   Code   RO          608    i.os_idle_demon     rtx_conf_cm.o
    0x00008aee   0x00000002   PAD
    0x00008af0   0x00000028   Code   RO         2567    i.os_tick_init      RTX_CM3.lib(rt_system.o)
    0x00008b18   0x00000002   Code   RO         2568    i.os_tick_irqack    RTX_CM3.lib(rt_system.o)
    0x00008b1a   0x00000002   PAD
    0x00008b1c   0x00000010   Code   RO         2569    i.os_tick_ovf       RTX_CM3.lib(rt_system.o)
    0x00008b2c   0x00000014   Code   RO         2570    i.os_tick_val       RTX_CM3.lib(rt_system.o)
    0x00008b40   0x00000040   Code   RO          686    i.output_MDIO       emac_lpc17xx.o
    0x00008b80   0x0000001c   Code   RO         2516    i.ping_send_req     Net_CM3_L.lib(net_ping.o)
    0x00008b9c   0x00000044   Code   RO          211    i.rd_dat            glcd_mcb1700.o
    0x00008be0   0x000000c8   Code   RO          212    i.rd_id_man         glcd_mcb1700.o
    0x00008ca8   0x00000010   Code   RO          213    i.rd_reg            glcd_mcb1700.o
    0x00008cb8   0x0000001a   Code   RO         2921    i.rt_alloc_box      RTX_CM3.lib(rt_membox.o)
    0x00008cd2   0x0000003e   Code   RO         2949    i.rt_alloc_mem      RTX_CM3.lib(rt_memory.o)
    0x00008d10   0x00000038   Code   RO         2237    i.rt_block          RTX_CM3.lib(rt_task.o)
    0x00008d48   0x00000048   Code   RO         2898    i.rt_chk_robin      RTX_CM3.lib(rt_robin.o)
    0x00008d90   0x00000070   Code   RO         2699    i.rt_dec_dly        RTX_CM3.lib(rt_list.o)
    0x00008e00   0x00000044   Code   RO         2238    i.rt_dispatch       RTX_CM3.lib(rt_task.o)
    0x00008e44   0x00000006   Code   RO         2865    i.rt_dly_wait       RTX_CM3.lib(rt_time.o)
    0x00008e4a   0x00000002   PAD
    0x00008e4c   0x0000001c   Code   RO         2658    i.rt_evt_clr        RTX_CM3.lib(rt_event.o)
    0x00008e68   0x00000050   Code   RO         2660    i.rt_evt_psh        RTX_CM3.lib(rt_event.o)
    0x00008eb8   0x0000005c   Code   RO         2661    i.rt_evt_set        RTX_CM3.lib(rt_event.o)
    0x00008f14   0x0000003c   Code   RO         2662    i.rt_evt_wait       RTX_CM3.lib(rt_event.o)
    0x00008f50   0x0000002c   Code   RO         2922    i.rt_free_box       RTX_CM3.lib(rt_membox.o)
    0x00008f7c   0x00000028   Code   RO         2950    i.rt_free_mem       RTX_CM3.lib(rt_memory.o)
    0x00008fa4   0x00000028   Code   RO         2700    i.rt_get_first      RTX_CM3.lib(rt_list.o)
    0x00008fcc   0x00000024   Code   RO         2701    i.rt_get_same_rdy_prio  RTX_CM3.lib(rt_list.o)
    0x00008ff0   0x00000008   Code   RO         1668    i.rt_id2obj         RTX_CM3.lib(rt_cmsis.o)
    0x00008ff8   0x00000048   Code   RO         2239    i.rt_init_context   RTX_CM3.lib(rt_task.o)
    0x00009040   0x0000001a   Code   RO         2951    i.rt_init_mem       RTX_CM3.lib(rt_memory.o)
    0x0000905a   0x00000002   PAD
    0x0000905c   0x00000018   Code   RO         2899    i.rt_init_robin     RTX_CM3.lib(rt_robin.o)
    0x00009074   0x00000080   Code   RO         2976    i.rt_init_stack     RTX_CM3.lib(hal_cm.o)
    0x000090f4   0x00000008   Code   RO         2777    i.rt_mbx_check      RTX_CM3.lib(rt_mailbox.o)
    0x000090fc   0x0000001a   Code   RO         2778    i.rt_mbx_init       RTX_CM3.lib(rt_mailbox.o)
    0x00009116   0x00000002   PAD
    0x00009118   0x000000f0   Code   RO         2779    i.rt_mbx_psh        RTX_CM3.lib(rt_mailbox.o)
    0x00009208   0x000000b4   Code   RO         2781    i.rt_mbx_wait       RTX_CM3.lib(rt_mailbox.o)
    0x000092bc   0x00000044   Code   RO         1669    i.rt_ms2tick        RTX_CM3.lib(rt_cmsis.o)
    0x00009300   0x00000010   Code   RO         2322    i.rt_mut_init       RTX_CM3.lib(rt_mutex.o)
    0x00009310   0x000000d8   Code   RO         2323    i.rt_mut_release    RTX_CM3.lib(rt_mutex.o)
    0x000093e8   0x00000078   Code   RO         2324    i.rt_mut_wait       RTX_CM3.lib(rt_mutex.o)
    0x00009460   0x0000007c   Code   RO         2571    i.rt_pop_req        RTX_CM3.lib(rt_system.o)
    0x000094dc   0x00000020   Code   RO         2572    i.rt_psh_req        RTX_CM3.lib(rt_system.o)
    0x000094fc   0x0000005c   Code   RO         2702    i.rt_psq_enq        RTX_CM3.lib(rt_list.o)
    0x00009558   0x00000048   Code   RO         2703    i.rt_put_dly        RTX_CM3.lib(rt_list.o)
    0x000095a0   0x00000036   Code   RO         2704    i.rt_put_prio       RTX_CM3.lib(rt_list.o)
    0x000095d6   0x00000002   PAD
    0x000095d8   0x00000014   Code   RO         2705    i.rt_put_rdy_first  RTX_CM3.lib(rt_list.o)
    0x000095ec   0x00000034   Code   RO         2706    i.rt_resort_prio    RTX_CM3.lib(rt_list.o)
    0x00009620   0x00000006   Code   RO         2977    i.rt_ret_val        RTX_CM3.lib(hal_cm.o)
    0x00009626   0x00000008   Code   RO         2978    i.rt_ret_val2       RTX_CM3.lib(hal_cm.o)
    0x0000962e   0x00000028   Code   RO         2707    i.rt_rmv_dly        RTX_CM3.lib(rt_list.o)
    0x00009656   0x00000002   PAD
    0x00009658   0x00000030   Code   RO         2708    i.rt_rmv_list       RTX_CM3.lib(rt_list.o)
    0x00009688   0x0000000c   Code   RO         2825    i.rt_sem_init       RTX_CM3.lib(rt_semaphore.o)
    0x00009694   0x00000034   Code   RO         2826    i.rt_sem_psh        RTX_CM3.lib(rt_semaphore.o)
    0x000096c8   0x0000002a   Code   RO         2827    i.rt_sem_send       RTX_CM3.lib(rt_semaphore.o)
    0x000096f2   0x00000002   PAD
    0x000096f4   0x00000040   Code   RO         2828    i.rt_sem_wait       RTX_CM3.lib(rt_semaphore.o)
    0x00009734   0x00000024   Code   RO         2574    i.rt_stk_check      RTX_CM3.lib(rt_system.o)
    0x00009758   0x00000028   Code   RO         2240    i.rt_switch_req     RTX_CM3.lib(rt_task.o)
    0x00009780   0x000000cc   Code   RO         2241    i.rt_sys_init       RTX_CM3.lib(rt_task.o)
    0x0000984c   0x00000078   Code   RO         2242    i.rt_sys_start      RTX_CM3.lib(rt_task.o)
    0x000098c4   0x00000040   Code   RO         2576    i.rt_systick        RTX_CM3.lib(rt_system.o)
    0x00009904   0x00000012   Code   RO         1670    i.rt_tid2ptcb       RTX_CM3.lib(rt_cmsis.o)
    0x00009916   0x00000002   PAD
    0x00009918   0x00000034   Code   RO         1671    i.rt_timer_insert   RTX_CM3.lib(rt_cmsis.o)
    0x0000994c   0x0000003c   Code   RO         1672    i.rt_timer_remove   RTX_CM3.lib(rt_cmsis.o)
    0x00009988   0x00000088   Code   RO         2243    i.rt_tsk_create     RTX_CM3.lib(rt_task.o)
    0x00009a10   0x0000017c   Code   RO         2244    i.rt_tsk_delete     RTX_CM3.lib(rt_task.o)
    0x00009b8c   0x00000030   Code   RO         2245    i.rt_tsk_pass       RTX_CM3.lib(rt_task.o)
    0x00009bbc   0x0000007c   Code   RO         2246    i.rt_tsk_prio       RTX_CM3.lib(rt_task.o)
    0x00009c38   0x00000010   Code   RO         2247    i.rt_tsk_self       RTX_CM3.lib(rt_task.o)
    0x00009c48   0x00000034   Code   RO           11    i.sendCommand       uart_cb.o
    0x00009c7c   0x00000070   Code   RO           13    i.send_udp_data_jul  uart_cb.o
    0x00009cec   0x00000040   Code   RO           14    i.send_udp_data_places_parking  uart_cb.o
    0x00009d2c   0x0000002c   Code   RO          214    i.spi_tran          glcd_mcb1700.o
    0x00009d58   0x00000088   Code   RO          215    i.spi_tran_man      glcd_mcb1700.o
    0x00009de0   0x00000012   Code   RO         1673    i.svcDelay          RTX_CM3.lib(rt_cmsis.o)
    0x00009df2   0x00000002   PAD
    0x00009df4   0x00000070   Code   RO         1674    i.svcKernelInitialize  RTX_CM3.lib(rt_cmsis.o)
    0x00009e64   0x00000048   Code   RO         1676    i.svcKernelStart    RTX_CM3.lib(rt_cmsis.o)
    0x00009eac   0x00000038   Code   RO         1677    i.svcKernelSysTick  RTX_CM3.lib(rt_cmsis.o)
    0x00009ee4   0x00000024   Code   RO         1679    i.svcMessageCreate  RTX_CM3.lib(rt_cmsis.o)
    0x00009f08   0x0000003a   Code   RO         1680    i.svcMessageGet     RTX_CM3.lib(rt_cmsis.o)
    0x00009f42   0x0000001c   Code   RO         1682    i.svcMutexCreate    RTX_CM3.lib(rt_cmsis.o)
    0x00009f5e   0x00000022   Code   RO         1684    i.svcMutexRelease   RTX_CM3.lib(rt_cmsis.o)
    0x00009f80   0x0000003a   Code   RO         1685    i.svcMutexWait      RTX_CM3.lib(rt_cmsis.o)
    0x00009fba   0x00000024   Code   RO         1687    i.svcSemaphoreCreate  RTX_CM3.lib(rt_cmsis.o)
    0x00009fde   0x00000028   Code   RO         1689    i.svcSemaphoreRelease  RTX_CM3.lib(rt_cmsis.o)
    0x0000a006   0x00000032   Code   RO         1690    i.svcSemaphoreWait  RTX_CM3.lib(rt_cmsis.o)
    0x0000a038   0x00000024   Code   RO         1691    i.svcSignalClear    RTX_CM3.lib(rt_cmsis.o)
    0x0000a05c   0x00000024   Code   RO         1692    i.svcSignalSet      RTX_CM3.lib(rt_cmsis.o)
    0x0000a080   0x00000054   Code   RO         1693    i.svcSignalWait     RTX_CM3.lib(rt_cmsis.o)
    0x0000a0d4   0x0000006c   Code   RO         1694    i.svcThreadCreate   RTX_CM3.lib(rt_cmsis.o)
    0x0000a140   0x0000001c   Code   RO         1695    i.svcThreadGetId    RTX_CM3.lib(rt_cmsis.o)
    0x0000a15c   0x00000038   Code   RO         1698    i.svcThreadTerminate  RTX_CM3.lib(rt_cmsis.o)
    0x0000a194   0x0000000a   Code   RO         1699    i.svcThreadYield    RTX_CM3.lib(rt_cmsis.o)
    0x0000a19e   0x00000018   Code   RO         1700    i.svcTimerCall      RTX_CM3.lib(rt_cmsis.o)
    0x0000a1b6   0x00000002   PAD
    0x0000a1b8   0x00000038   Code   RO         1701    i.svcTimerCreate    RTX_CM3.lib(rt_cmsis.o)
    0x0000a1f0   0x00000064   Code   RO         1703    i.svcTimerStart     RTX_CM3.lib(rt_cmsis.o)
    0x0000a254   0x0000005c   Code   RO         1709    i.sysTimerTick      RTX_CM3.lib(rt_cmsis.o)
    0x0000a2b0   0x0000004c   Code   RO         2542    i.sys_proc_tick     Net_CM3_L.lib(net_sys.o)
    0x0000a2fc   0x0000002c   Code   RO          687    i.turnaround_MDIO   emac_lpc17xx.o
    0x0000a328   0x000000b4   Code   RO           15    i.udp_cb_func       uart_cb.o
    0x0000a3dc   0x0000002c   Code   RO         2483    i.udp_port_in_use   Net_CM3_L.lib(net_udp.o)
    0x0000a408   0x0000004c   Code   RO          216    i.wr_cmd            glcd_mcb1700.o
    0x0000a454   0x00000034   Code   RO          218    i.wr_dat_only       glcd_mcb1700.o
    0x0000a488   0x00000018   Code   RO          219    i.wr_dat_start      glcd_mcb1700.o
    0x0000a4a0   0x00000014   Code   RO          220    i.wr_dat_stop       glcd_mcb1700.o
    0x0000a4b4   0x00000090   Code   RO          221    i.wr_reg            glcd_mcb1700.o
    0x0000a544   0x0000002c   Code   RO         3447    locale$$code        c_w.l(lc_ctype_c.o)
    0x0000a570   0x0000006c   Data   RO           16    .constdata          uart_cb.o
    0x0000a5dc   0x000018a0   Data   RO          179    .constdata          glcd_fonts.o
    0x0000be7c   0x00000002   Data   RO          409    .constdata          adc_mcb1700.o
    0x0000be7e   0x00000010   Data   RO          518    .constdata          led_mcb1700.o
    0x0000be8e   0x00000002   Data   RO          564    .constdata          buttons_mcb1700.o
    0x0000be90   0x00000068   Data   RO          610    .constdata          rtx_conf_cm.o
    0x0000bef8   0x0000004c   Data   RO          689    .constdata          emac_lpc17xx.o
    0x0000bf44   0x0000007c   Data   RO          863    .constdata          ssp_lpc17xx.o
    0x0000bfc0   0x000001d0   Data   RO         1046    .constdata          uart_lpc17xx.o
    0x0000c190   0x00000024   Data   RO         1229    .constdata          phy_dp83848c.o
    0x0000c1b4   0x000000ec   Data   RO         1517    .constdata          net_config.o
    0x0000c2a0   0x00000006   Data   RO         2375    .constdata          Net_CM3_L.lib(net_eth.o)
    0x0000c2a6   0x00000012   Data   RO         2518    .constdata          Net_CM3_L.lib(net_ping.o)
    0x0000c2b8   0x00000008   Data   RO         2545    .constdata          Net_CM3_L.lib(net_sys.o)
    0x0000c2c0   0x00000008   Data   RO         3095    .constdata          Net_CM3_L.lib(net_ip4.o)
    0x0000c2c8   0x00000020   Data   RO         3121    .constdata          Net_CM3_L.lib(net_ip6.o)
    0x0000c2e8   0x00000010   Data   RO         3122    .constdata          Net_CM3_L.lib(net_ip6.o)
    0x0000c2f8   0x00000010   Data   RO         3239    .constdata          Net_CM3_L.lib(net_addr.o)
    0x0000c308   0x00000011   Data   RO         3334    .constdata          c_w.l(__printf_flags_wp.o)
    0x0000c319   0x00000003   PAD
    0x0000c31c   0x0000005c   Data   RO         1518    .conststring        net_config.o
    0x0000c378   0x00000020   Data   RO         3556    Region$$Table       anon$$obj.o
    0x0000c398   0x00000110   Data   RO         3446    locale$$data        c_w.l(lc_ctype_c.o)


    Execution Region RW_IRAM1 (Base: 0x10000000, Size: 0x00007cd0, Max: 0x00008000, ABSOLUTE)

    Base Addr    Size         Type   Attr      Idx    E Section Name        Object

    0x10000000   0x00000024   Data   RW           17    .data               uart_cb.o
    0x10000024   0x00000011   Data   RW          222    .data               glcd_mcb1700.o
    0x10000035   0x00000001   PAD
    0x10000036   0x00000003   Data   RW          410    .data               adc_mcb1700.o
    0x10000039   0x00000003   PAD
    0x1000003c   0x00000014   Data   RW          611    .data               rtx_conf_cm.o
    0x10000050   0x00000018   Data   RW          690    .data               emac_lpc17xx.o
    0x10000068   0x00000010   Data   RW          864    .data               ssp_lpc17xx.o
    0x10000078   0x00000004   Data   RW         1047    .data               uart_lpc17xx.o
    0x1000007c   0x00000008   Data   RW         1292    .data               gpdma_lpc17xx.o
    0x10000084   0x00000004   Data   RW         1471    .data               system_lpc17xx.o
    0x10000088   0x0000000e   Data   RW         1519    .data               net_config.o
    0x10000096   0x00000002   PAD
    0x10000098   0x00000008   Data   RW         1712    .data               RTX_CM3.lib(rt_cmsis.o)
    0x100000a0   0x00000008   Data   RW         2249    .data               RTX_CM3.lib(rt_task.o)
    0x100000a8   0x00000001   Data   RW         2422    .data               Net_CM3_L.lib(net_arp.o)
    0x100000a9   0x00000003   PAD
    0x100000ac   0x00000008   Data   RW         2453    .data               Net_CM3_L.lib(net_loop.o)
    0x100000b4   0x00000002   Data   RW         2485    .data               Net_CM3_L.lib(net_udp.o)
    0x100000b6   0x00000002   PAD
    0x100000b8   0x00000008   Data   RW         2546    .data               Net_CM3_L.lib(net_sys.o)
    0x100000c0   0x00000008   Data   RW         2579    .data               RTX_CM3.lib(rt_system.o)
    0x100000c8   0x00000004   Data   RW         2869    .data               RTX_CM3.lib(rt_time.o)
    0x100000cc   0x00000008   Data   RW         2900    .data               RTX_CM3.lib(rt_robin.o)
    0x100000d4   0x00000001   Data   RW         2979    .data               RTX_CM3.lib(hal_cm.o)
    0x100000d5   0x00000001   Data   RW         3055    .data               Net_CM3_L.lib(net_ndp.o)
    0x100000d6   0x00000002   PAD
    0x100000d8   0x00000008   Data   RW         3096    .data               Net_CM3_L.lib(net_ip4.o)
    0x100000e0   0x00000008   Data   RW         3123    .data               Net_CM3_L.lib(net_ip6.o)
    0x100000e8   0x00001c00   Zero   RW          609    .bss                rtx_conf_cm.o
    0x10001ce8   0x00002a74   Zero   RW          688    .bss                emac_lpc17xx.o
    0x1000475c   0x00000028   Zero   RW          862    .bss                ssp_lpc17xx.o
    0x10004784   0x00000034   Zero   RW         1045    .bss                uart_lpc17xx.o
    0x100047b8   0x0000000c   Zero   RW         1228    .bss                phy_dp83848c.o
    0x100047c4   0x000000a0   Zero   RW         1291    .bss                gpdma_lpc17xx.o
    0x10004864   0x00002fdc   Zero   RW         1516    .bss                net_config.o
    0x10007840   0x00000034   Zero   RW         2248    .bss                RTX_CM3.lib(rt_task.o)
    0x10007874   0x00000094   Zero   RW         2374    .bss                Net_CM3_L.lib(net_eth.o)
    0x10007908   0x00000010   Zero   RW         2421    .bss                Net_CM3_L.lib(net_arp.o)
    0x10007918   0x00000014   Zero   RW         2484    .bss                Net_CM3_L.lib(net_udp.o)
    0x1000792c   0x00000020   Zero   RW         2517    .bss                Net_CM3_L.lib(net_ping.o)
    0x1000794c   0x00000030   Zero   RW         2543    .bss                Net_CM3_L.lib(net_sys.o)
    0x1000797c   0x00000018   Zero   RW         2544    .bss                Net_CM3_L.lib(net_sys.o)
    0x10007994   0x00000030   Zero   RW         2709    .bss                RTX_CM3.lib(rt_list.o)
    0x100079c4   0x0000003c   Zero   RW         3054    .bss                Net_CM3_L.lib(net_ndp.o)
    0x10007a00   0x00000014   Zero   RW         3167    .bss                Net_CM3_L.lib(net_mem.o)
    0x10007a14   0x0000005c   Zero   RW         3238    .bss                Net_CM3_L.lib(net_addr.o)
    0x10007a70   0x00000060   Zero   RW         3286    .bss                c_w.l(libspace.o)
    0x10007ad0   0x00000000   Zero   RW         1457    HEAP                startup_lpc17xx.o
    0x10007ad0   0x00000200   Zero   RW         1456    STACK               startup_lpc17xx.o


==============================================================================

Image component sizes


      Code (inc. data)   RO Data    RW Data    ZI Data      Debug   Object Name

       200         44          2          3          0      29772   adc_mcb1700.o
        28          4          2          0          0       1424   buttons_mcb1700.o
      3302        288         76         24      10868      54725   emac_lpc17xx.o
         0          0       6304          0          0        736   glcd_fonts.o
      2792         98          0         17          0      17446   glcd_mcb1700.o
      1204         94          0          8        160       8062   gpdma_lpc17xx.o
       192         24          0          0          0       2826   gpio_lpc17xx.o
       136          8         16          0          0       1916   led_mcb1700.o
        22          0        328         14      12252      15522   net_config.o
       644         44         36          0         12      10390   phy_dp83848c.o
       252          6          0          0          0        804   pin_lpc17xx.o
       126         26        104         20       7168       8907   rtx_conf_cm.o
      3896        106        124         16         40      26588   ssp_lpc17xx.o
        64         26        204          0        512        948   startup_lpc17xx.o
       320         18          0          4          0        755   system_lpc17xx.o
      1040        252        108         36          0      73252   uart_cb.o
      5832        152        464          4         52      32791   uart_lpc17xx.o

    ----------------------------------------------------------------------
     20062       1190       7800        152      31064     286864   Object Totals
         0          0         32          0          0          0   (incl. Generated)
        12          0          0          6          0          0   (incl. Padding)

    ----------------------------------------------------------------------

      Code (inc. data)   RO Data    RW Data    ZI Data      Debug   Library Member Name

       952         54         16          0         92       1012   net_addr.o
      1908        136          0          1         16       1120   net_arp.o
        78          4          0          0          0        216   net_common.o
      1946        122          6          0        148       1188   net_eth.o
       348         22          0          0          0        164   net_icmp.o
       476         32          0          0          0        252   net_icmp6.o
       936         72          8          8          0        824   net_ip4.o
       638         72         48          8          0        648   net_ip6.o
       260         26          0          8          0        244   net_loop.o
       372         34          0          0         20        396   net_mem.o
      2442        174          0          1         60       1504   net_ndp.o
       108         20         18          0         32        212   net_ping.o
       408         68          8          8         72        560   net_sys.o
       974         42          0          2         20        876   net_udp.o
       238         24          0          1          0       3312   hal_cm.o
       304         36          0          0          0        768   hal_cm3.o
      2284        250          0          8          0      51688   rt_cmsis.o
       300         24          0          0          0       3183   rt_event.o
       566         44          0          0         48       8792   rt_list.o
       554         10          0          0          0       3949   rt_mailbox.o
       140          0          0          0          0       1925   rt_membox.o
       128          0          0          0          0       2307   rt_memory.o
       352         14          0          0          0       2105   rt_mutex.o
        96         22          0          8          0       1158   rt_robin.o
       186         10          0          0          0       2902   rt_semaphore.o
       334         64          0          8          0       7091   rt_system.o
      1264        184          0          8         52      10147   rt_task.o
         6          0          0          4          0        652   rt_time.o
         4          4          0          0          0        208   svc_table.o
        60          8          0          0          0         84   __0sscanf.o
        44          6          0          0          0         84   __2sprintf.o
         8          0          0          0          0         68   __main.o
       312          4         17          0          0         92   __printf_flags_wp.o
        14          0          0          0          0         68   __printf_wp.o
         0          0          0          0          0          0   __rtentry.o
        20          0          0          0          0          0   __rtentry2.o
         6          0          0          0          0          0   __rtentry4.o
        52          8          0          0          0          0   __scatter.o
        26          0          0          0          0          0   __scatter_copy.o
        28          0          0          0          0          0   __scatter_zi.o
        28          0          0          0          0         68   _chval.o
        48          6          0          0          0         96   _printf_char_common.o
         6          0          0          0          0          0   _printf_d.o
       120         16          0          0          0         92   _printf_dec.o
       178          0          0          0          0         88   _printf_intcommon.o
         0          0          0          0          0          0   _printf_percent.o
         4          0          0          0          0          0   _printf_percent_end.o
       884          6          0          0          0        100   _scanf.o
       332          0          0          0          0         96   _scanf_int.o
        64          0          0          0          0         84   _sgetc.o
        10          0          0          0          0         68   _sputc.o
        18          0          0          0          0         80   exit.o
         6          0          0          0          0        152   heapauxi.o
         0          0          0          0          0          0   indicate_semi.o
        18          0          0          0          0         76   isspace.o
        44         10        272          0          0         76   lc_ctype_c.o
         2          0          0          0          0          0   libinit.o
        20          0          0          0          0          0   libinit2.o
         2          0          0          0          0          0   libshutdown.o
         2          0          0          0          0          0   libshutdown2.o
         8          4          0          0         96         68   libspace.o
       238          0          0          0          0        100   lludivv7m.o
        88          0          0          0          0         76   memcmp.o
        16          4          0          0          0         76   rt_ctype_table.o
        10          0          0          0          0         76   rt_locale_twolibspace.o
        68          0          0          0          0         68   rt_memclr.o
        78          0          0          0          0         80   rt_memclr_w.o
       138          0          0          0          0         68   rt_memcpy_v6.o
       100          0          0          0          0         80   rt_memcpy_w.o
         2          0          0          0          0          0   rtexit.o
        10          0          0          0          0          0   rtexit2.o
        44          8          0          0          0         84   scanf_char.o
       128          0          0          0          0         68   strcmpv7m.o
        62          0          0          0          0         76   strlen.o
        12          4          0          0          0         68   sys_exit.o
        74          0          0          0          0         80   sys_stackheap_outer.o
         2          0          0          0          0         68   use_no_semi.o

    ----------------------------------------------------------------------
     22086       1648        396         80        656     112011   Library Totals
        50          0          3          7          0          0   (incl. Padding)

    ----------------------------------------------------------------------

      Code (inc. data)   RO Data    RW Data    ZI Data      Debug   Library Name

     11846        878        104         36        460       9216   Net_CM3_L.lib
      6756        686          0         37        100     100187   RTX_CM3.lib
      3434         84        289          0         96       2608   c_w.l

    ----------------------------------------------------------------------
     22086       1648        396         80        656     112011   Library Totals

    ----------------------------------------------------------------------

==============================================================================


      Code (inc. data)   RO Data    RW Data    ZI Data      Debug   

     42148       2838       8196        232      31720     377395   Grand Totals
     42148       2838       8196        232      31720     377395   ELF Image Totals
     42148       2838       8196        232          0          0   ROM Totals

==============================================================================

    Total RO  Size (Code + RO Data)                50344 (  49.16kB)
    Total RW  Size (RW Data + ZI Data)             31952 (  31.20kB)
    Total ROM Size (Code + RO Data + RW Data)      50576 (  49.39kB)

==============================================================================

